Time resolution is 1 ps
PASS: baseline P0 response=0b0a5
PASS: baseline P1 response=0c8a5
NOT_DETECTED: P0 F0 response=0b0a5
DETECTED: P0 F1 good=0b0a5 faulty=0b8a5
DETECTED: P0 F2 good=0b0a5 faulty=0a0a5
NOT_DETECTED: P0 F3 response=0b0a5
DETECTED: P0 F4 good=0b0a5 faulty=090a5
NOT_DETECTED: P0 F5 response=0b0a5
NOT_DETECTED: P0 F6 response=0b0a5
DETECTED: P0 F7 good=0b0a5 faulty=0f0a5
DETECTED: P1 F0 good=0c8a5 faulty=0c0a5
NOT_DETECTED: P1 F1 response=0c8a5
NOT_DETECTED: P1 F2 response=0c8a5
DETECTED: P1 F3 good=0c8a5 faulty=0d8a5
NOT_DETECTED: P1 F4 response=0c8a5
DETECTED: P1 F5 good=0c8a5 faulty=0e8a5
DETECTED: P1 F6 good=0c8a5 faulty=088a5
NOT_DETECTED: P1 F7 response=0c8a5
Fault_ID  scan_d_bit  SA_value  P0  P1  Union
0         11          0         0   1   1
1         11          1         1   0   1
2         12          0         1   0   1
3         12          1         0   1   1
4         13          0         1   0   1
5         13          1         0   1   1
6         14          0         0   1   1
7         14          1         1   0   1
P0 detected = 4/8
P1 detected = 4/8
Union detected = 8/8
Selected RTL fault coverage = 100.00%
PASS: selected RTL fault campaign
$finish called at time : 8206 ns : File "C:/Users/phucn/Documents/DFT_Design for Test/Project/tb/tb_uart_tx_fault_campaign.v" Line 279
