Time resolution is 1 ps
PASS: frame 1 - byte=0x00
PASS: frame 2 - byte=0xff
PASS: frame 3 - byte=0x55
PASS: frame 4 - byte=0xaa
PASS: frame 5 - byte=0x53
PASS: frame 6 - byte=0x00
PASS: frame 7 - byte=0x01
PASS: frame 8 - byte=0x02
PASS: frame 9 - byte=0x03
PASS: frame 10 - byte=0x04
PASS: frame 11 - byte=0x05
PASS: frame 12 - byte=0x06
PASS: frame 13 - byte=0x07
PASS: frame 14 - byte=0x08
PASS: frame 15 - byte=0x09
PASS: frame 16 - byte=0x0a
PASS: frame 17 - byte=0x0b
PASS: frame 18 - byte=0x0c
PASS: frame 19 - byte=0x0d
PASS: frame 20 - byte=0x0e
PASS: frame 21 - byte=0x0f
PASS: frame 22 - byte=0x10
PASS: frame 23 - byte=0x11
PASS: frame 24 - byte=0x12
PASS: frame 25 - byte=0x13
PASS: frame 26 - byte=0x14
PASS: frame 27 - byte=0x15
PASS: frame 28 - byte=0x16
PASS: frame 29 - byte=0x17
PASS: frame 30 - byte=0x18
PASS: frame 31 - byte=0x19
PASS: frame 32 - byte=0x1a
PASS: frame 33 - byte=0x1b
PASS: frame 34 - byte=0x1c
PASS: frame 35 - byte=0x1d
PASS: frame 36 - byte=0x1e
PASS: frame 37 - byte=0x1f
PASS: frame 38 - byte=0x20
PASS: frame 39 - byte=0x21
PASS: frame 40 - byte=0x22
PASS: frame 41 - byte=0x23
PASS: frame 42 - byte=0x24
PASS: frame 43 - byte=0x25
PASS: frame 44 - byte=0x26
PASS: frame 45 - byte=0x27
PASS: frame 46 - byte=0x28
PASS: frame 47 - byte=0x29
PASS: frame 48 - byte=0x2a
PASS: frame 49 - byte=0x2b
PASS: frame 50 - byte=0x2c
PASS: frame 51 - byte=0x2d
PASS: frame 52 - byte=0x2e
PASS: frame 53 - byte=0x2f
PASS: frame 54 - byte=0x30
PASS: frame 55 - byte=0x31
PASS: frame 56 - byte=0x32
PASS: frame 57 - byte=0x33
PASS: frame 58 - byte=0x34
PASS: frame 59 - byte=0x35
PASS: frame 60 - byte=0x36
PASS: frame 61 - byte=0x37
PASS: frame 62 - byte=0x38
PASS: frame 63 - byte=0x39
PASS: frame 64 - byte=0x3a
PASS: frame 65 - byte=0x3b
PASS: frame 66 - byte=0x3c
PASS: frame 67 - byte=0x3d
PASS: frame 68 - byte=0x3e
PASS: frame 69 - byte=0x3f
PASS: frame 70 - byte=0x40
PASS: frame 71 - byte=0x41
PASS: frame 72 - byte=0x42
PASS: frame 73 - byte=0x43
PASS: frame 74 - byte=0x44
PASS: frame 75 - byte=0x45
PASS: frame 76 - byte=0x46
PASS: frame 77 - byte=0x47
PASS: frame 78 - byte=0x48
PASS: frame 79 - byte=0x49
PASS: frame 80 - byte=0x4a
PASS: frame 81 - byte=0x4b
PASS: frame 82 - byte=0x4c
PASS: frame 83 - byte=0x4d
PASS: frame 84 - byte=0x4e
PASS: frame 85 - byte=0x4f
PASS: frame 86 - byte=0x50
PASS: frame 87 - byte=0x51
PASS: frame 88 - byte=0x52
PASS: frame 89 - byte=0x53
PASS: frame 90 - byte=0x54
PASS: frame 91 - byte=0x55
PASS: frame 92 - byte=0x56
PASS: frame 93 - byte=0x57
PASS: frame 94 - byte=0x58
PASS: frame 95 - byte=0x59
PASS: frame 96 - byte=0x5a
PASS: frame 97 - byte=0x5b
PASS: frame 98 - byte=0x5c
PASS: frame 99 - byte=0x5d
PASS: frame 100 - byte=0x5e
PASS: frame 101 - byte=0x5f
PASS: frame 102 - byte=0x60
PASS: frame 103 - byte=0x61
PASS: frame 104 - byte=0x62
PASS: frame 105 - byte=0x63
PASS: frame 106 - byte=0x64
PASS: frame 107 - byte=0x65
PASS: frame 108 - byte=0x66
PASS: frame 109 - byte=0x67
PASS: frame 110 - byte=0x68
PASS: frame 111 - byte=0x69
PASS: frame 112 - byte=0x6a
PASS: frame 113 - byte=0x6b
PASS: frame 114 - byte=0x6c
PASS: frame 115 - byte=0x6d
PASS: frame 116 - byte=0x6e
PASS: frame 117 - byte=0x6f
PASS: frame 118 - byte=0x70
PASS: frame 119 - byte=0x71
PASS: frame 120 - byte=0x72
PASS: frame 121 - byte=0x73
PASS: frame 122 - byte=0x74
PASS: frame 123 - byte=0x75
PASS: frame 124 - byte=0x76
PASS: frame 125 - byte=0x77
PASS: frame 126 - byte=0x78
PASS: frame 127 - byte=0x79
PASS: frame 128 - byte=0x7a
PASS: frame 129 - byte=0x7b
PASS: frame 130 - byte=0x7c
PASS: frame 131 - byte=0x7d
PASS: frame 132 - byte=0x7e
PASS: frame 133 - byte=0x7f
PASS: frame 134 - byte=0x80
PASS: frame 135 - byte=0x81
PASS: frame 136 - byte=0x82
PASS: frame 137 - byte=0x83
PASS: frame 138 - byte=0x84
PASS: frame 139 - byte=0x85
PASS: frame 140 - byte=0x86
PASS: frame 141 - byte=0x87
PASS: frame 142 - byte=0x88
PASS: frame 143 - byte=0x89
PASS: frame 144 - byte=0x8a
PASS: frame 145 - byte=0x8b
PASS: frame 146 - byte=0x8c
PASS: frame 147 - byte=0x8d
PASS: frame 148 - byte=0x8e
PASS: frame 149 - byte=0x8f
PASS: frame 150 - byte=0x90
PASS: frame 151 - byte=0x91
PASS: frame 152 - byte=0x92
PASS: frame 153 - byte=0x93
PASS: frame 154 - byte=0x94
PASS: frame 155 - byte=0x95
PASS: frame 156 - byte=0x96
PASS: frame 157 - byte=0x97
PASS: frame 158 - byte=0x98
PASS: frame 159 - byte=0x99
PASS: frame 160 - byte=0x9a
PASS: frame 161 - byte=0x9b
PASS: frame 162 - byte=0x9c
PASS: frame 163 - byte=0x9d
PASS: frame 164 - byte=0x9e
PASS: frame 165 - byte=0x9f
PASS: frame 166 - byte=0xa0
PASS: frame 167 - byte=0xa1
PASS: frame 168 - byte=0xa2
PASS: frame 169 - byte=0xa3
PASS: frame 170 - byte=0xa4
PASS: frame 171 - byte=0xa5
PASS: frame 172 - byte=0xa6
PASS: frame 173 - byte=0xa7
PASS: frame 174 - byte=0xa8
PASS: frame 175 - byte=0xa9
PASS: frame 176 - byte=0xaa
PASS: frame 177 - byte=0xab
PASS: frame 178 - byte=0xac
PASS: frame 179 - byte=0xad
PASS: frame 180 - byte=0xae
PASS: frame 181 - byte=0xaf
PASS: frame 182 - byte=0xb0
PASS: frame 183 - byte=0xb1
PASS: frame 184 - byte=0xb2
PASS: frame 185 - byte=0xb3
PASS: frame 186 - byte=0xb4
PASS: frame 187 - byte=0xb5
PASS: frame 188 - byte=0xb6
PASS: frame 189 - byte=0xb7
PASS: frame 190 - byte=0xb8
PASS: frame 191 - byte=0xb9
PASS: frame 192 - byte=0xba
PASS: frame 193 - byte=0xbb
PASS: frame 194 - byte=0xbc
PASS: frame 195 - byte=0xbd
PASS: frame 196 - byte=0xbe
PASS: frame 197 - byte=0xbf
PASS: frame 198 - byte=0xc0
PASS: frame 199 - byte=0xc1
PASS: frame 200 - byte=0xc2
PASS: frame 201 - byte=0xc3
PASS: frame 202 - byte=0xc4
PASS: frame 203 - byte=0xc5
PASS: frame 204 - byte=0xc6
PASS: frame 205 - byte=0xc7
PASS: frame 206 - byte=0xc8
PASS: frame 207 - byte=0xc9
PASS: frame 208 - byte=0xca
PASS: frame 209 - byte=0xcb
PASS: frame 210 - byte=0xcc
PASS: frame 211 - byte=0xcd
PASS: frame 212 - byte=0xce
PASS: frame 213 - byte=0xcf
PASS: frame 214 - byte=0xd0
PASS: frame 215 - byte=0xd1
PASS: frame 216 - byte=0xd2
PASS: frame 217 - byte=0xd3
PASS: frame 218 - byte=0xd4
PASS: frame 219 - byte=0xd5
PASS: frame 220 - byte=0xd6
PASS: frame 221 - byte=0xd7
PASS: frame 222 - byte=0xd8
PASS: frame 223 - byte=0xd9
PASS: frame 224 - byte=0xda
PASS: frame 225 - byte=0xdb
PASS: frame 226 - byte=0xdc
PASS: frame 227 - byte=0xdd
PASS: frame 228 - byte=0xde
PASS: frame 229 - byte=0xdf
PASS: frame 230 - byte=0xe0
PASS: frame 231 - byte=0xe1
PASS: frame 232 - byte=0xe2
PASS: frame 233 - byte=0xe3
PASS: frame 234 - byte=0xe4
PASS: frame 235 - byte=0xe5
PASS: frame 236 - byte=0xe6
PASS: frame 237 - byte=0xe7
PASS: frame 238 - byte=0xe8
PASS: frame 239 - byte=0xe9
PASS: frame 240 - byte=0xea
PASS: frame 241 - byte=0xeb
PASS: frame 242 - byte=0xec
PASS: frame 243 - byte=0xed
PASS: frame 244 - byte=0xee
PASS: frame 245 - byte=0xef
PASS: frame 246 - byte=0xf0
PASS: frame 247 - byte=0xf1
PASS: frame 248 - byte=0xf2
PASS: frame 249 - byte=0xf3
PASS: frame 250 - byte=0xf4
PASS: frame 251 - byte=0xf5
PASS: frame 252 - byte=0xf6
PASS: frame 253 - byte=0xf7
PASS: frame 254 - byte=0xf8
PASS: frame 255 - byte=0xf9
PASS: frame 256 - byte=0xfa
PASS: frame 257 - byte=0xfb
PASS: frame 258 - byte=0xfc
PASS: frame 259 - byte=0xfd
PASS: frame 260 - byte=0xfe
PASS: frame 261 - byte=0xff
PASS: frame 262 - byte=0x3c
Frames checked    = 262
Cycles compared   = 44591
Comparison errors = 0
Frame errors      = 0
PASS: UART partial-scan functional comparison - scan_en=0
$finish called at time : 445946 ns : File "C:/Users/phucn/Documents/DFT_Design for Test/Project/tb/tb_uart_tx_partial_compare.v" Line 287
