
 /----------------------------------------------------------------------------\
 |  yosys -- Yosys Open SYnthesis Suite                                       |
 |  Copyright (C) 2012 - 2026  Claire Xenia Wolf <claire@yosyshq.com>         |
 |  Distributed under an ISC-like license, type "license" to see terms        |
 \----------------------------------------------------------------------------/
 Yosys 0.69+152 (git sha1 6f876ae0e-dirty, Release, GNU /usr/bin/x86_64-w64-mingw32-g++ 15.2.1)

-- Executing script file `scripts/yosys/synth_tx_baseline.ys' --

1. Executing Verilog-2005 frontend: rtl/baseline/uart_tx.v
Parsing Verilog input from `rtl/baseline/uart_tx.v' to AST representation.
Generating RTLIL representation for module `\uart_tx'.
Successfully finished Verilog frontend.

2. Executing HIERARCHY pass (managing design hierarchy).

2.1. Analyzing design hierarchy..
Top module:  \uart_tx

2.2. Analyzing design hierarchy..
Top module:  \uart_tx
Removed 0 unused modules.

3. Executing SYNTH pass.

3.1. Executing HIERARCHY pass (managing design hierarchy).

3.1.1. Analyzing design hierarchy..
Top module:  \uart_tx

3.1.2. Analyzing design hierarchy..
Top module:  \uart_tx
Removed 0 unused modules.

3.2. Executing PROC pass (convert processes to netlists).

3.2.1. Executing PROC_CLEAN pass (remove empty switches from decision trees).
Cleaned up 0 empty switches.

3.2.2. Executing PROC_RMDEAD pass (remove dead branches from decision trees).
Marked 6 switch rules as full_case in process $proc$rtl/baseline/uart_tx.v:46$1 in module uart_tx.
Removed a total of 0 dead cases.

3.2.3. Executing PROC_PRUNE pass (remove redundant assignments in processes).
Removed 1 redundant assignment.
Promoted 0 assignments to connections.

3.2.4. Executing PROC_INIT pass (extract init attributes).

3.2.5. Executing PROC_ARST pass (detect async resets in processes).

3.2.6. Executing PROC_ROM pass (convert switches to ROMs).
Converted 0 switches.
<suppressed ~7 debug messages>

3.2.7. Executing PROC_MUX pass (convert decision trees to multiplexers).
Creating decoders for process `\uart_tx.$proc$rtl/baseline/uart_tx.v:46$1'.
     1/5: $0\clk_count[3:0]
     2/5: $0\state[1:0]
     3/5: $0\bit_index[2:0]
     4/5: $0\data_reg[7:0]
     5/5: $0\uart_tx[0:0]

3.2.8. Executing PROC_DLATCH pass (convert process syncs to latches).

3.2.9. Executing PROC_DFF pass (convert process syncs to FFs).
Creating register for signal `\uart_tx.\uart_tx' using process `\uart_tx.$proc$rtl/baseline/uart_tx.v:46$1'.
  created $dff cell `$procdff$98' with positive edge clock.
Creating register for signal `\uart_tx.\data_reg' using process `\uart_tx.$proc$rtl/baseline/uart_tx.v:46$1'.
  created $dff cell `$procdff$99' with positive edge clock.
Creating register for signal `\uart_tx.\bit_index' using process `\uart_tx.$proc$rtl/baseline/uart_tx.v:46$1'.
  created $dff cell `$procdff$100' with positive edge clock.
Creating register for signal `\uart_tx.\clk_count' using process `\uart_tx.$proc$rtl/baseline/uart_tx.v:46$1'.
  created $dff cell `$procdff$101' with positive edge clock.
Creating register for signal `\uart_tx.\state' using process `\uart_tx.$proc$rtl/baseline/uart_tx.v:46$1'.
  created $dff cell `$procdff$102' with positive edge clock.

3.2.10. Executing PROC_MEMWR pass (convert process memory writes to cells).

3.2.11. Executing PROC_CLEAN pass (remove empty switches from decision trees).
Found and cleaned up 7 empty switches in `\uart_tx.$proc$rtl/baseline/uart_tx.v:46$1'.
Removing empty process `uart_tx.$proc$rtl/baseline/uart_tx.v:46$1'.
Cleaned up 7 empty switches.

3.2.12. Executing OPT_EXPR pass (perform const folding).
Optimizing module uart_tx.
<suppressed ~6 debug messages>

3.3. Executing CHECK pass (checking for obvious problems).
Checking module uart_tx...
Found and reported 0 problems.

3.4. Executing FLATTEN pass (flatten design).

3.5. Executing OPT_EXPR pass (perform const folding).
Optimizing module uart_tx.

3.6. Executing CHECK pass (checking for obvious problems).
Checking module uart_tx...
Found and reported 0 problems.

3.7. Executing OPT_CLEAN pass (remove unused cells and wires).
Finding unused cells or wires in module \uart_tx..
Removed 0 unused cells and 26 unused wires.
<suppressed ~1 debug messages>

3.8. Executing OPT pass (performing simple optimizations).

3.8.1. Executing OPT_EXPR pass (perform const folding).
Optimizing module uart_tx.

3.8.2. Executing OPT_MERGE pass (detect identical cells).
Finding identical cells in module `\uart_tx'.
Computing hashes of 57 cells of `\uart_tx'.
Finding duplicate cells in `\uart_tx'.
Computing hashes of 41 cells of `\uart_tx'.
Finding duplicate cells in `\uart_tx'.
<suppressed ~48 debug messages>
Removed a total of 16 cells.

3.8.3. Executing OPT_MUXTREE pass (detect dead branches in mux trees).
Running muxtree optimizer on module \uart_tx..
  Creating internal representation of mux trees.
  Evaluating internal representation of mux trees.
  Analyzing evaluation results.
Removed 0 multiplexer ports.
<suppressed ~32 debug messages>

3.8.4. Executing OPT_REDUCE pass (consolidate $*mux and $reduce_* inputs).
  Optimizing cells in module \uart_tx.
Performed a total of 0 changes.

3.8.5. Executing OPT_MERGE pass (detect identical cells).
Finding identical cells in module `\uart_tx'.
Computing hashes of 41 cells of `\uart_tx'.
Finding duplicate cells in `\uart_tx'.
Computing hashes of 39 cells of `\uart_tx'.
Finding duplicate cells in `\uart_tx'.
<suppressed ~6 debug messages>
Removed a total of 2 cells.

3.8.6. Executing OPT_DFF pass (perform DFF optimizations).

3.8.7. Executing OPT_CLEAN pass (remove unused cells and wires).
Finding unused cells or wires in module \uart_tx..
Removed 0 unused cells and 18 unused wires.
<suppressed ~1 debug messages>

3.8.8. Executing OPT_EXPR pass (perform const folding).
Optimizing module uart_tx.

3.8.9. Rerunning OPT passes. (Maybe there is more to do..)

3.8.10. Executing OPT_MUXTREE pass (detect dead branches in mux trees).
Running muxtree optimizer on module \uart_tx..
  Creating internal representation of mux trees.
  Evaluating internal representation of mux trees.
  Analyzing evaluation results.
Removed 0 multiplexer ports.
<suppressed ~34 debug messages>

3.8.11. Executing OPT_REDUCE pass (consolidate $*mux and $reduce_* inputs).
  Optimizing cells in module \uart_tx.
    New ctrl vector for $pmux cell $procmux$18: { $auto$opt_reduce.cc:137:opt_pmux$104 $eq$rtl/baseline/uart_tx.v:104$13_Y }
  Optimizing cells in module \uart_tx.
Performed a total of 1 changes.

3.8.12. Executing OPT_MERGE pass (detect identical cells).
Finding identical cells in module `\uart_tx'.
Computing hashes of 40 cells of `\uart_tx'.
Finding duplicate cells in `\uart_tx'.
Removed a total of 0 cells.

3.8.13. Executing OPT_DFF pass (perform DFF optimizations).

3.8.14. Executing OPT_CLEAN pass (remove unused cells and wires).
Finding unused cells or wires in module \uart_tx..

3.8.15. Executing OPT_EXPR pass (perform const folding).
Optimizing module uart_tx.

3.8.16. Rerunning OPT passes. (Maybe there is more to do..)

3.8.17. Executing OPT_MUXTREE pass (detect dead branches in mux trees).
Running muxtree optimizer on module \uart_tx..
  Creating internal representation of mux trees.
  Evaluating internal representation of mux trees.
  Analyzing evaluation results.
Removed 0 multiplexer ports.
<suppressed ~30 debug messages>

3.8.18. Executing OPT_REDUCE pass (consolidate $*mux and $reduce_* inputs).
  Optimizing cells in module \uart_tx.
Performed a total of 0 changes.

3.8.19. Executing OPT_MERGE pass (detect identical cells).
Finding identical cells in module `\uart_tx'.
Computing hashes of 40 cells of `\uart_tx'.
Finding duplicate cells in `\uart_tx'.
Removed a total of 0 cells.

3.8.20. Executing OPT_DFF pass (perform DFF optimizations).

3.8.21. Executing OPT_CLEAN pass (remove unused cells and wires).
Finding unused cells or wires in module \uart_tx..

3.8.22. Executing OPT_EXPR pass (perform const folding).
Optimizing module uart_tx.

3.8.23. Finished fast OPT passes. (There is nothing left to do.)

3.9. Executing OPT pass (performing simple optimizations).

3.9.1. Executing OPT_EXPR pass (perform const folding).
Optimizing module uart_tx.

3.9.2. Executing OPT_MERGE pass (detect identical cells).
Finding identical cells in module `\uart_tx'.
Computing hashes of 40 cells of `\uart_tx'.
Finding duplicate cells in `\uart_tx'.
Removed a total of 0 cells.

3.9.3. Executing OPT_MUXTREE pass (detect dead branches in mux trees).
Running muxtree optimizer on module \uart_tx..
  Creating internal representation of mux trees.
  Evaluating internal representation of mux trees.
  Analyzing evaluation results.
Removed 0 multiplexer ports.
<suppressed ~30 debug messages>

3.9.4. Executing OPT_REDUCE pass (consolidate $*mux and $reduce_* inputs).
  Optimizing cells in module \uart_tx.
Performed a total of 0 changes.

3.9.5. Executing OPT_MERGE pass (detect identical cells).
Finding identical cells in module `\uart_tx'.
Computing hashes of 40 cells of `\uart_tx'.
Finding duplicate cells in `\uart_tx'.
Removed a total of 0 cells.

3.9.6. Executing OPT_DFF pass (perform DFF optimizations).
Adding SRST signal on $procdff$102 ($dff) from module uart_tx (D = $procmux$37_Y, Q = \state, rval = 2'00).
Adding EN signal on $auto$ff.cc:337:slice$105 ($sdff) from module uart_tx (D = $procmux$37_Y, Q = \state).
Adding SRST signal on $procdff$98 ($dff) from module uart_tx (D = $procmux$86_Y, Q = \uart_tx, rval = 1'1).
Adding EN signal on $auto$ff.cc:337:slice$121 ($sdff) from module uart_tx (D = $procmux$86_Y, Q = \uart_tx).
Adding SRST signal on $procdff$99 ($dff) from module uart_tx (D = $procmux$74_Y, Q = \data_reg, rval = 8'00000000).
Adding EN signal on $auto$ff.cc:337:slice$131 ($sdff) from module uart_tx (D = \tx_data, Q = \data_reg).
Adding SRST signal on $procdff$100 ($dff) from module uart_tx (D = $procmux$63_Y, Q = \bit_index, rval = 3'000).
Adding EN signal on $auto$ff.cc:337:slice$135 ($sdff) from module uart_tx (D = $procmux$63_Y, Q = \bit_index).
Adding SRST signal on $procdff$101 ($dff) from module uart_tx (D = $procmux$18_Y, Q = \clk_count, rval = 4'0000).

3.9.7. Executing OPT_CLEAN pass (remove unused cells and wires).
Finding unused cells or wires in module \uart_tx..
Removed 7 unused cells and 7 unused wires.
<suppressed ~8 debug messages>

3.9.8. Executing OPT_EXPR pass (perform const folding).
Optimizing module uart_tx.
<suppressed ~3 debug messages>

3.9.9. Rerunning OPT passes. (Maybe there is more to do..)

3.9.10. Executing OPT_MUXTREE pass (detect dead branches in mux trees).
Running muxtree optimizer on module \uart_tx..
  Creating internal representation of mux trees.
  Evaluating internal representation of mux trees.
  Analyzing evaluation results.
Removed 0 multiplexer ports.
<suppressed ~22 debug messages>

3.9.11. Executing OPT_REDUCE pass (consolidate $*mux and $reduce_* inputs).
  Optimizing cells in module \uart_tx.
Performed a total of 0 changes.

3.9.12. Executing OPT_MERGE pass (detect identical cells).
Finding identical cells in module `\uart_tx'.
Computing hashes of 49 cells of `\uart_tx'.
Finding duplicate cells in `\uart_tx'.
Computing hashes of 46 cells of `\uart_tx'.
Finding duplicate cells in `\uart_tx'.
<suppressed ~9 debug messages>
Removed a total of 3 cells.

3.9.13. Executing OPT_DFF pass (perform DFF optimizations).

3.9.14. Executing OPT_CLEAN pass (remove unused cells and wires).
Finding unused cells or wires in module \uart_tx..
Removed 0 unused cells and 3 unused wires.
<suppressed ~1 debug messages>

3.9.15. Executing OPT_EXPR pass (perform const folding).
Optimizing module uart_tx.

3.9.16. Rerunning OPT passes. (Maybe there is more to do..)

3.9.17. Executing OPT_MUXTREE pass (detect dead branches in mux trees).
Running muxtree optimizer on module \uart_tx..
  Creating internal representation of mux trees.
  Evaluating internal representation of mux trees.
  Analyzing evaluation results.
Removed 0 multiplexer ports.
<suppressed ~22 debug messages>

3.9.18. Executing OPT_REDUCE pass (consolidate $*mux and $reduce_* inputs).
  Optimizing cells in module \uart_tx.
Performed a total of 0 changes.

3.9.19. Executing OPT_MERGE pass (detect identical cells).
Finding identical cells in module `\uart_tx'.
Computing hashes of 46 cells of `\uart_tx'.
Finding duplicate cells in `\uart_tx'.
Removed a total of 0 cells.

3.9.20. Executing OPT_DFF pass (perform DFF optimizations).

3.9.21. Executing OPT_CLEAN pass (remove unused cells and wires).
Finding unused cells or wires in module \uart_tx..

3.9.22. Executing OPT_EXPR pass (perform const folding).
Optimizing module uart_tx.

3.9.23. Finished fast OPT passes. (There is nothing left to do.)

3.10. Executing WREDUCE pass (reducing word size of cells).
Removed top 29 bits (of 32) from port B of cell uart_tx.$lt$rtl/baseline/uart_tx.v:80$7 ($lt).
Removed top 31 bits (of 32) from port B of cell uart_tx.$add$rtl/baseline/uart_tx.v:83$9 ($add).
Removed top 28 bits (of 32) from port Y of cell uart_tx.$add$rtl/baseline/uart_tx.v:83$9 ($add).
Removed top 27 bits (of 32) from port B of cell uart_tx.$shiftx$rtl/baseline/uart_tx.v:83$10 ($shiftx).
Removed top 31 bits (of 32) from port B of cell uart_tx.$add$rtl/baseline/uart_tx.v:94$12 ($add).
Removed top 28 bits (of 32) from port Y of cell uart_tx.$add$rtl/baseline/uart_tx.v:94$12 ($add).
Removed top 1 bits (of 2) from port B of cell uart_tx.$procmux$91_CMP0 ($eq).
Removed top 28 bits (of 32) from wire uart_tx.$add$rtl/baseline/uart_tx.v:82$8_Y.
Removed top 28 bits (of 32) from wire uart_tx.$add$rtl/baseline/uart_tx.v:69$4_Y.

3.11. Executing PEEPOPT pass (run peephole optimizers).
shiftadd pattern in uart_tx: shift=$shiftx$rtl/baseline/uart_tx.v:83$10, add/sub=$add$rtl/baseline/uart_tx.v:83$9, offset: 1

3.12. Executing OPT_CLEAN pass (remove unused cells and wires).
Finding unused cells or wires in module \uart_tx..
Removed 0 unused cells and 2 unused wires.
<suppressed ~1 debug messages>

3.13. Executing ALUMACC pass (create $alu and $macc cells).
Extracting $alu and $macc cells in module uart_tx:
  creating $macc model for $add$rtl/baseline/uart_tx.v:94$12 ($add).
  creating $macc model for $add$rtl/baseline/uart_tx.v:83$9 ($add).
  creating $alu model for $macc $add$rtl/baseline/uart_tx.v:83$9.
  creating $alu model for $macc $add$rtl/baseline/uart_tx.v:94$12.
  creating $alu model for $lt$rtl/baseline/uart_tx.v:80$7 ($lt): new $alu
  creating $alu cell for $lt$rtl/baseline/uart_tx.v:80$7: $auto$alumacc.cc:576:replace_alu$149
  creating $alu cell for $add$rtl/baseline/uart_tx.v:94$12: $auto$alumacc.cc:576:replace_alu$154
  creating $alu cell for $add$rtl/baseline/uart_tx.v:83$9: $auto$alumacc.cc:576:replace_alu$157
  created 3 $alu and 0 $macc cells.

3.14. Executing SHARE pass (SAT-based resource sharing).

3.15. Executing OPT pass (performing simple optimizations).

3.15.1. Executing OPT_EXPR pass (perform const folding).
Optimizing module uart_tx.
<suppressed ~3 debug messages>

3.15.2. Executing OPT_MERGE pass (detect identical cells).
Finding identical cells in module `\uart_tx'.
Computing hashes of 47 cells of `\uart_tx'.
Finding duplicate cells in `\uart_tx'.
Removed a total of 0 cells.

3.15.3. Executing OPT_MUXTREE pass (detect dead branches in mux trees).
Running muxtree optimizer on module \uart_tx..
  Creating internal representation of mux trees.
  Evaluating internal representation of mux trees.
  Analyzing evaluation results.
Removed 0 multiplexer ports.
<suppressed ~22 debug messages>

3.15.4. Executing OPT_REDUCE pass (consolidate $*mux and $reduce_* inputs).
  Optimizing cells in module \uart_tx.
Performed a total of 0 changes.

3.15.5. Executing OPT_MERGE pass (detect identical cells).
Finding identical cells in module `\uart_tx'.
Computing hashes of 47 cells of `\uart_tx'.
Finding duplicate cells in `\uart_tx'.
Removed a total of 0 cells.

3.15.6. Executing OPT_DFF pass (perform DFF optimizations).

3.15.7. Executing OPT_CLEAN pass (remove unused cells and wires).
Finding unused cells or wires in module \uart_tx..
Removed 0 unused cells and 1 unused wires.
<suppressed ~1 debug messages>

3.15.8. Executing OPT_EXPR pass (perform const folding).
Optimizing module uart_tx.

3.15.9. Rerunning OPT passes. (Maybe there is more to do..)

3.15.10. Executing OPT_MUXTREE pass (detect dead branches in mux trees).
Running muxtree optimizer on module \uart_tx..
  Creating internal representation of mux trees.
  Evaluating internal representation of mux trees.
  Analyzing evaluation results.
Removed 0 multiplexer ports.
<suppressed ~22 debug messages>

3.15.11. Executing OPT_REDUCE pass (consolidate $*mux and $reduce_* inputs).
  Optimizing cells in module \uart_tx.
Performed a total of 0 changes.

3.15.12. Executing OPT_MERGE pass (detect identical cells).
Finding identical cells in module `\uart_tx'.
Computing hashes of 47 cells of `\uart_tx'.
Finding duplicate cells in `\uart_tx'.
Removed a total of 0 cells.

3.15.13. Executing OPT_DFF pass (perform DFF optimizations).

3.15.14. Executing OPT_CLEAN pass (remove unused cells and wires).
Finding unused cells or wires in module \uart_tx..

3.15.15. Executing OPT_EXPR pass (perform const folding).
Optimizing module uart_tx.

3.15.16. Finished fast OPT passes. (There is nothing left to do.)

3.16. Executing MEMORY pass.

3.16.1. Executing OPT_MEM pass (optimize memories).
Performed a total of 0 transformations.

3.16.2. Executing OPT_MEM_PRIORITY pass (removing unnecessary memory write priority relations).
Performed a total of 0 transformations.

3.16.3. Executing OPT_MEM_FEEDBACK pass (finding memory read-to-write feedback paths).

3.16.4. Executing MEMORY_BMUX2ROM pass (converting muxes to ROMs).

3.16.5. Executing MEMORY_DFF pass (merging $dff cells to $memrd).

3.16.6. Executing OPT_CLEAN pass (remove unused cells and wires).
Finding unused cells or wires in module \uart_tx..

3.16.7. Executing MEMORY_SHARE pass (consolidating $memrd/$memwr cells).

3.16.8. Executing OPT_MEM_WIDEN pass (optimize memories where all ports are wide).
Performed a total of 0 transformations.

3.16.9. Executing OPT_CLEAN pass (remove unused cells and wires).
Finding unused cells or wires in module \uart_tx..

3.16.10. Executing MEMORY_COLLECT pass (generating $mem cells).

3.17. Executing OPT_CLEAN pass (remove unused cells and wires).
Finding unused cells or wires in module \uart_tx..

3.18. Executing OPT pass (performing simple optimizations).

3.18.1. Executing OPT_EXPR pass (perform const folding).
Optimizing module uart_tx.
<suppressed ~16 debug messages>

3.18.2. Executing OPT_MERGE pass (detect identical cells).
Finding identical cells in module `\uart_tx'.
Computing hashes of 37 cells of `\uart_tx'.
Finding duplicate cells in `\uart_tx'.
Removed a total of 0 cells.

3.18.3. Executing OPT_DFF pass (perform DFF optimizations).
Adding SRST signal on $auto$ff.cc:337:slice$145 ($sdff) from module uart_tx (D = $add$rtl/baseline/uart_tx.v:69$4_Y, Q = \clk_count, rval = 4'0000).

3.18.4. Executing OPT_CLEAN pass (remove unused cells and wires).
Finding unused cells or wires in module \uart_tx..
Removed 3 unused cells and 13 unused wires.
<suppressed ~4 debug messages>

3.18.5. Rerunning OPT passes. (Removed registers in this run.)

3.18.6. Executing OPT_EXPR pass (perform const folding).
Optimizing module uart_tx.

3.18.7. Executing OPT_MERGE pass (detect identical cells).
Finding identical cells in module `\uart_tx'.
Computing hashes of 36 cells of `\uart_tx'.
Finding duplicate cells in `\uart_tx'.
Removed a total of 0 cells.

3.18.8. Executing OPT_DFF pass (perform DFF optimizations).

3.18.9. Executing OPT_CLEAN pass (remove unused cells and wires).
Finding unused cells or wires in module \uart_tx..

3.18.10. Finished fast OPT passes.

3.19. Executing MEMORY_MAP pass (converting memories to logic and flip-flops).

3.20. Executing OPT pass (performing simple optimizations).

3.20.1. Executing OPT_EXPR pass (perform const folding).
Optimizing module uart_tx.

3.20.2. Executing OPT_MERGE pass (detect identical cells).
Finding identical cells in module `\uart_tx'.
Computing hashes of 36 cells of `\uart_tx'.
Finding duplicate cells in `\uart_tx'.
Removed a total of 0 cells.

3.20.3. Executing OPT_MUXTREE pass (detect dead branches in mux trees).
Running muxtree optimizer on module \uart_tx..
  Creating internal representation of mux trees.
  Evaluating internal representation of mux trees.
  Analyzing evaluation results.
Removed 0 multiplexer ports.
<suppressed ~6 debug messages>

3.20.4. Executing OPT_REDUCE pass (consolidate $*mux and $reduce_* inputs).
  Optimizing cells in module \uart_tx.
Performed a total of 0 changes.

3.20.5. Executing OPT_MERGE pass (detect identical cells).
Finding identical cells in module `\uart_tx'.
Computing hashes of 36 cells of `\uart_tx'.
Finding duplicate cells in `\uart_tx'.
Removed a total of 0 cells.

3.20.6. Executing OPT_SHARE pass.

3.20.7. Executing OPT_DFF pass (perform DFF optimizations).

3.20.8. Executing OPT_CLEAN pass (remove unused cells and wires).
Finding unused cells or wires in module \uart_tx..

3.20.9. Executing OPT_EXPR pass (perform const folding).
Optimizing module uart_tx.

3.20.10. Finished fast OPT passes. (There is nothing left to do.)

3.21. Executing TECHMAP pass (map to technology primitives).

3.21.1. Executing Verilog-2005 frontend: D:\oss-cad-suite\oss-cad-suite\bin\../share/yosys/techmap.v
Parsing Verilog input from `D:\oss-cad-suite\oss-cad-suite\bin\../share/yosys/techmap.v' to AST representation.
Generating RTLIL representation for module `\_90_simplemap_bool_ops'.
Generating RTLIL representation for module `\_90_simplemap_reduce_ops'.
Generating RTLIL representation for module `\_90_simplemap_logic_ops'.
Generating RTLIL representation for module `\_90_simplemap_compare_ops'.
Generating RTLIL representation for module `\_90_simplemap_various'.
Generating RTLIL representation for module `\_90_simplemap_registers'.
Generating RTLIL representation for module `\_90_shift_ops_shr_shl_sshl_sshr'.
Generating RTLIL representation for module `\_90_shift_shiftx'.
Generating RTLIL representation for module `\_90_fa'.
Generating RTLIL representation for module `\_90_lcu_brent_kung'.
Generating RTLIL representation for module `\_90_alu'.
Generating RTLIL representation for module `\_90_macc'.
Generating RTLIL representation for module `\_90_alumacc'.
Generating RTLIL representation for module `$__div_mod_u'.
Generating RTLIL representation for module `$__div_mod_trunc'.
Generating RTLIL representation for module `\_90_div'.
Generating RTLIL representation for module `\_90_mod'.
Generating RTLIL representation for module `$__div_mod_floor'.
Generating RTLIL representation for module `\_90_divfloor'.
Generating RTLIL representation for module `\_90_modfloor'.
Generating RTLIL representation for module `\_90_pow'.
Generating RTLIL representation for module `\_90_demux'.
Generating RTLIL representation for module `\_90_lut'.
Generating RTLIL representation for module `$connect'.
Generating RTLIL representation for module `$input_port'.
Successfully finished Verilog frontend.

3.21.2. Continuing TECHMAP pass.
Using extmapper simplemap for cells of type $reduce_or.
Using extmapper simplemap for cells of type $not.
Using extmapper simplemap for cells of type $sdff.
Using template $paramod$bfceb922395790c0ce92e9f9b5b428d4fc72cc30\_90_alu for cells of type $alu.
Using template $paramod$32a7b7b86c07519b7537abc18e96f0331f97914d\_90_alu for cells of type $alu.
Using template $paramod$78e969f2586efcf3a5b0b0440bcca0db83d5cca2\_90_alu for cells of type $alu.
Using extmapper simplemap for cells of type $reduce_and.
Using extmapper simplemap for cells of type $reduce_bool.
Using extmapper simplemap for cells of type $ne.
Using extmapper simplemap for cells of type $sdffe.
Using extmapper simplemap for cells of type $logic_and.
Using template $paramod$constmap:d59e78ea6604f5eb2bd2420b684b2328dc7223ef$paramod$196ac9e65781371566ce94c488df346714d3fd70\_90_shift_shiftx for cells of type $shiftx.
Using extmapper simplemap for cells of type $eq.
Using extmapper simplemap for cells of type $pmux.
Using extmapper simplemap for cells of type $mux.
Using extmapper simplemap for cells of type $or.
Using extmapper simplemap for cells of type $logic_not.
Using extmapper simplemap for cells of type $xor.
Using template $paramod\_90_fa\WIDTH=32'00000000000000000000000000000100 for cells of type $fa.
Using template $paramod\_90_lcu_brent_kung\WIDTH=32'00000000000000000000000000000100 for cells of type $lcu.
Using extmapper simplemap for cells of type $pos.
Using template $paramod\_90_fa\WIDTH=32'00000000000000000000000000000011 for cells of type $fa.
Using template $paramod\_90_lcu_brent_kung\WIDTH=32'00000000000000000000000000000011 for cells of type $lcu.
Using extmapper simplemap for cells of type $and.
No more expansions possible.
<suppressed ~580 debug messages>

3.22. Executing OPT pass (performing simple optimizations).

3.22.1. Executing OPT_EXPR pass (perform const folding).
Optimizing module uart_tx.
<suppressed ~162 debug messages>

3.22.2. Executing OPT_MERGE pass (detect identical cells).
Finding identical cells in module `\uart_tx'.
Computing hashes of 128 cells of `\uart_tx'.
Finding duplicate cells in `\uart_tx'.
Computing hashes of 111 cells of `\uart_tx'.
Finding duplicate cells in `\uart_tx'.
Computing hashes of 109 cells of `\uart_tx'.
Finding duplicate cells in `\uart_tx'.
<suppressed ~57 debug messages>
Removed a total of 19 cells.

3.22.3. Executing OPT_DFF pass (perform DFF optimizations).

3.22.4. Executing OPT_CLEAN pass (remove unused cells and wires).
Finding unused cells or wires in module \uart_tx..
Removed 18 unused cells and 200 unused wires.
<suppressed ~19 debug messages>

3.22.5. Finished fast OPT passes.

3.23. Executing HIERARCHY pass (managing design hierarchy).
Attribute `top' found on module `uart_tx'. Setting top module to uart_tx.

3.23.1. Analyzing design hierarchy..
Top module:  \uart_tx

3.23.2. Analyzing design hierarchy..
Top module:  \uart_tx
Removed 0 unused modules.

3.24. Printing statistics.

=== uart_tx ===

        +----------Local Count, excluding submodules.
        | 
       65 wires
      134 wire bits
       10 public wires
       30 public wire bits
        6 ports
       13 port bits
       91 cells
       17   $_AND_
       13   $_MUX_
       14   $_NOT_
       24   $_OR_
       13   $_SDFFE_PP0P_
        1   $_SDFFE_PP1P_
        4   $_SDFF_PP0_
        5   $_XOR_

3.25. Executing CHECK pass (checking for obvious problems).
Checking module uart_tx...
Found and reported 0 problems.

4. Executing DFFUNMAP pass (unmap clock enable and synchronous reset from FFs).

5. Executing ABC pass (technology mapping using ABC).

5.1. Summary of detected clock domains:
  123 cells in clk=\clk, en={ }, arst={ }, srst={ }

5.2. Extracting gate netlist of module `\uart_tx' to `<abc-temp-dir>/input.blif'..
Found matching posedge clock domain: \clk
Replacing 1 occurrences of constant undef bits with constant zero bits

5.2.1. Executed ABC.
Extracted 105 gates and 136 wires to a netlist network with 28 inputs and 19 outputs.
Running ABC script: <abc-temp-dir>/abc.script
ABC: ======== ABC command line "source <abc-temp-dir>/abc.script"
ABC: + read_blif <abc-temp-dir>/input.blif 
ABC: + read_library <abc-temp-dir>/stdcells.genlib 
ABC: + strash 
ABC: + &get -n 
ABC: + &fraig -x 
ABC: + &put 
ABC: + scorr 
ABC: Warning: The network is combinational (run "fraig" or "fraig_sweep").
ABC: + dc2 
ABC: + dretime 
ABC: + strash 
ABC: + &get -n 
ABC: + &dch -f 
ABC: + &nf 
ABC: + &put 
ABC: + write_blif <abc-temp-dir>/output.blif 

5.2.2. Re-integrating ABC results.
ABC RESULTS:               AND cells:       60
ABC RESULTS:               NOT cells:       17
ABC RESULTS:                OR cells:       48
ABC RESULTS:              XNOR cells:        1
ABC RESULTS:               XOR cells:        1
ABC RESULTS:        internal signals:       89
ABC RESULTS:           input signals:       28
ABC RESULTS:          output signals:       19
Removing temp directory.
Removing global temp directory.
Removed 0 unused cells and 116 unused wires.

6. Executing CHECK pass (checking for obvious problems).
Checking module uart_tx...
Found and reported 0 problems.

7. Printing statistics.

=== uart_tx ===

        +----------Local Count, excluding submodules.
        | 
      136 wires
      156 wire bits
       10 public wires
       30 public wire bits
        6 ports
       13 port bits
      145 cells
       60   $_AND_
       18   $_DFF_P_
       17   $_NOT_
       48   $_OR_
        1   $_XNOR_
        1   $_XOR_

8. Executing Verilog backend.

8.1. Executing BMUXMAP pass.

8.2. Executing DEMUXMAP pass.
Dumping module `\uart_tx'.

9. Executing JSON backend.

End of script. Logfile hash: 9578fce0e2
Yosys 0.69+152 (git sha1 6f876ae0e-dirty, Release, GNU /usr/bin/x86_64-w64-mingw32-g++ 15.2.1)
Time spent: 2% 24x opt_expr (0 sec), 2% 19x opt_clean (0 sec), ...
