Time resolution is 1 ps

=== FULL SCAN TEST CYCLES ===
Pattern Reset_prepare Wait Load Capture Unload Observe Total
P0      3             1    18   1       18     0       41
PASS: baseline P0 response=0b0a5
P1      3             1    18   1       18     0       41
PASS: baseline P1 response=0c8a5
P2      3             1    18   1       18     0       41
PASS: baseline P2 response=0cf5a
P3      3             1    18   1       18     0       41
PASS: baseline P3 response=330a5
Total cycles for 4 patterns = 164
Test time for pattern set = 1640 ns
DETECTED: P0 F0 good=0b0a5 faulty=0b0a4
NOT_DETECTED: P0 F1 response=0b0a5
NOT_DETECTED: P0 F2 response=0b0a5
DETECTED: P0 F3 good=0b0a5 faulty=0b0a7
DETECTED: P0 F4 good=0b0a5 faulty=0b0a1
NOT_DETECTED: P0 F5 response=0b0a5
NOT_DETECTED: P0 F6 response=0b0a5
DETECTED: P0 F7 good=0b0a5 faulty=0b0ad
NOT_DETECTED: P0 F8 response=0b0a5
DETECTED: P0 F9 good=0b0a5 faulty=0b0b5
DETECTED: P0 F10 good=0b0a5 faulty=0b085
NOT_DETECTED: P0 F11 response=0b0a5
NOT_DETECTED: P0 F12 response=0b0a5
DETECTED: P0 F13 good=0b0a5 faulty=0b0e5
DETECTED: P0 F14 good=0b0a5 faulty=0b025
NOT_DETECTED: P0 F15 response=0b0a5
NOT_DETECTED: P0 F16 response=0b0a5
DETECTED: P0 F17 good=0b0a5 faulty=0b1a5
NOT_DETECTED: P0 F18 response=0b0a5
DETECTED: P0 F19 good=0b0a5 faulty=0b2a5
NOT_DETECTED: P0 F20 response=0b0a5
DETECTED: P0 F21 good=0b0a5 faulty=0b4a5
NOT_DETECTED: P0 F22 response=0b0a5
DETECTED: P0 F23 good=0b0a5 faulty=0b8a5
DETECTED: P0 F24 good=0b0a5 faulty=0a0a5
NOT_DETECTED: P0 F25 response=0b0a5
DETECTED: P0 F26 good=0b0a5 faulty=090a5
NOT_DETECTED: P0 F27 response=0b0a5
NOT_DETECTED: P0 F28 response=0b0a5
DETECTED: P0 F29 good=0b0a5 faulty=0f0a5
DETECTED: P0 F30 good=0b0a5 faulty=030a5
NOT_DETECTED: P0 F31 response=0b0a5
NOT_DETECTED: P0 F32 response=0b0a5
DETECTED: P0 F33 good=0b0a5 faulty=1b0a5
NOT_DETECTED: P0 F34 response=0b0a5
DETECTED: P0 F35 good=0b0a5 faulty=2b0a5
DETECTED: P1 F0 good=0c8a5 faulty=0c8a4
NOT_DETECTED: P1 F1 response=0c8a5
NOT_DETECTED: P1 F2 response=0c8a5
DETECTED: P1 F3 good=0c8a5 faulty=0c8a7
DETECTED: P1 F4 good=0c8a5 faulty=0c8a1
NOT_DETECTED: P1 F5 response=0c8a5
NOT_DETECTED: P1 F6 response=0c8a5
DETECTED: P1 F7 good=0c8a5 faulty=0c8ad
NOT_DETECTED: P1 F8 response=0c8a5
DETECTED: P1 F9 good=0c8a5 faulty=0c8b5
DETECTED: P1 F10 good=0c8a5 faulty=0c885
NOT_DETECTED: P1 F11 response=0c8a5
NOT_DETECTED: P1 F12 response=0c8a5
DETECTED: P1 F13 good=0c8a5 faulty=0c8e5
DETECTED: P1 F14 good=0c8a5 faulty=0c825
NOT_DETECTED: P1 F15 response=0c8a5
NOT_DETECTED: P1 F16 response=0c8a5
DETECTED: P1 F17 good=0c8a5 faulty=0c9a5
NOT_DETECTED: P1 F18 response=0c8a5
DETECTED: P1 F19 good=0c8a5 faulty=0caa5
NOT_DETECTED: P1 F20 response=0c8a5
DETECTED: P1 F21 good=0c8a5 faulty=0cca5
DETECTED: P1 F22 good=0c8a5 faulty=0c0a5
NOT_DETECTED: P1 F23 response=0c8a5
NOT_DETECTED: P1 F24 response=0c8a5
DETECTED: P1 F25 good=0c8a5 faulty=0d8a5
NOT_DETECTED: P1 F26 response=0c8a5
DETECTED: P1 F27 good=0c8a5 faulty=0e8a5
DETECTED: P1 F28 good=0c8a5 faulty=088a5
NOT_DETECTED: P1 F29 response=0c8a5
DETECTED: P1 F30 good=0c8a5 faulty=048a5
NOT_DETECTED: P1 F31 response=0c8a5
NOT_DETECTED: P1 F32 response=0c8a5
DETECTED: P1 F33 good=0c8a5 faulty=1c8a5
NOT_DETECTED: P1 F34 response=0c8a5
DETECTED: P1 F35 good=0c8a5 faulty=2c8a5
NOT_DETECTED: P2 F0 response=0cf5a
DETECTED: P2 F1 good=0cf5a faulty=0cf5b
DETECTED: P2 F2 good=0cf5a faulty=0cf58
NOT_DETECTED: P2 F3 response=0cf5a
NOT_DETECTED: P2 F4 response=0cf5a
DETECTED: P2 F5 good=0cf5a faulty=0cf5e
DETECTED: P2 F6 good=0cf5a faulty=0cf52
NOT_DETECTED: P2 F7 response=0cf5a
DETECTED: P2 F8 good=0cf5a faulty=0cf4a
NOT_DETECTED: P2 F9 response=0cf5a
NOT_DETECTED: P2 F10 response=0cf5a
DETECTED: P2 F11 good=0cf5a faulty=0cf7a
DETECTED: P2 F12 good=0cf5a faulty=0cf1a
NOT_DETECTED: P2 F13 response=0cf5a
NOT_DETECTED: P2 F14 response=0cf5a
DETECTED: P2 F15 good=0cf5a faulty=0cfda
DETECTED: P2 F16 good=0cf5a faulty=0ce5a
NOT_DETECTED: P2 F17 response=0cf5a
DETECTED: P2 F18 good=0cf5a faulty=0cd5a
NOT_DETECTED: P2 F19 response=0cf5a
DETECTED: P2 F20 good=0cf5a faulty=0cb5a
NOT_DETECTED: P2 F21 response=0cf5a
DETECTED: P2 F22 good=0cf5a faulty=0c75a
NOT_DETECTED: P2 F23 response=0cf5a
NOT_DETECTED: P2 F24 response=0cf5a
DETECTED: P2 F25 good=0cf5a faulty=0df5a
NOT_DETECTED: P2 F26 response=0cf5a
DETECTED: P2 F27 good=0cf5a faulty=0ef5a
DETECTED: P2 F28 good=0cf5a faulty=08f5a
NOT_DETECTED: P2 F29 response=0cf5a
DETECTED: P2 F30 good=0cf5a faulty=04f5a
NOT_DETECTED: P2 F31 response=0cf5a
NOT_DETECTED: P2 F32 response=0cf5a
DETECTED: P2 F33 good=0cf5a faulty=1cf5a
NOT_DETECTED: P2 F34 response=0cf5a
DETECTED: P2 F35 good=0cf5a faulty=2cf5a
DETECTED: P3 F0 good=330a5 faulty=330a4
NOT_DETECTED: P3 F1 response=330a5
NOT_DETECTED: P3 F2 response=330a5
DETECTED: P3 F3 good=330a5 faulty=330a7
DETECTED: P3 F4 good=330a5 faulty=330a1
NOT_DETECTED: P3 F5 response=330a5
NOT_DETECTED: P3 F6 response=330a5
DETECTED: P3 F7 good=330a5 faulty=330ad
NOT_DETECTED: P3 F8 response=330a5
DETECTED: P3 F9 good=330a5 faulty=330b5
DETECTED: P3 F10 good=330a5 faulty=33085
NOT_DETECTED: P3 F11 response=330a5
NOT_DETECTED: P3 F12 response=330a5
DETECTED: P3 F13 good=330a5 faulty=330e5
DETECTED: P3 F14 good=330a5 faulty=33025
NOT_DETECTED: P3 F15 response=330a5
NOT_DETECTED: P3 F16 response=330a5
DETECTED: P3 F17 good=330a5 faulty=331a5
NOT_DETECTED: P3 F18 response=330a5
DETECTED: P3 F19 good=330a5 faulty=332a5
NOT_DETECTED: P3 F20 response=330a5
DETECTED: P3 F21 good=330a5 faulty=334a5
NOT_DETECTED: P3 F22 response=330a5
DETECTED: P3 F23 good=330a5 faulty=338a5
DETECTED: P3 F24 good=330a5 faulty=320a5
NOT_DETECTED: P3 F25 response=330a5
DETECTED: P3 F26 good=330a5 faulty=310a5
NOT_DETECTED: P3 F27 response=330a5
NOT_DETECTED: P3 F28 response=330a5
DETECTED: P3 F29 good=330a5 faulty=370a5
NOT_DETECTED: P3 F30 response=330a5
DETECTED: P3 F31 good=330a5 faulty=3b0a5
DETECTED: P3 F32 good=330a5 faulty=230a5
NOT_DETECTED: P3 F33 response=330a5
DETECTED: P3 F34 good=330a5 faulty=130a5
NOT_DETECTED: P3 F35 response=330a5
P0 detected = 18/36
P1 detected = 18/36
P2 detected = 18/36
P3 detected = 18/36
Fault_ID  D_bit  SA  P0 P1 P2 P3  Union
0         0     0   1  1  0  1    1
1         0     1   0  0  1  0    1
2         1     0   0  0  1  0    1
3         1     1   1  1  0  1    1
4         2     0   1  1  0  1    1
5         2     1   0  0  1  0    1
6         3     0   0  0  1  0    1
7         3     1   1  1  0  1    1
8         4     0   0  0  1  0    1
9         4     1   1  1  0  1    1
10         5     0   1  1  0  1    1
11         5     1   0  0  1  0    1
12         6     0   0  0  1  0    1
13         6     1   1  1  0  1    1
14         7     0   1  1  0  1    1
15         7     1   0  0  1  0    1
16         8     0   0  0  1  0    1
17         8     1   1  1  0  1    1
18         9     0   0  0  1  0    1
19         9     1   1  1  0  1    1
20         10     0   0  0  1  0    1
21         10     1   1  1  0  1    1
22         11     0   0  1  1  0    1
23         11     1   1  0  0  1    1
24         12     0   1  0  0  1    1
25         12     1   0  1  1  0    1
26         13     0   1  0  0  1    1
27         13     1   0  1  1  0    1
28         14     0   0  1  1  0    1
29         14     1   1  0  0  1    1
30         15     0   1  1  1  0    1
31         15     1   0  0  0  1    1
32         16     0   0  0  0  1    1
33         16     1   1  1  1  0    1
34         17     0   0  0  0  1    1
35         17     1   1  1  1  0    1

=== FINAL SUMMARY ===
Scan FFs = 18/18
Number of patterns = 4
Observation cycles after unload = 0
Pattern-set test cycles (including reset/preparation) = 164
Pattern-set test time = 1640 ns
Union detected = 36/36
Selected RTL fault coverage = 100.00%
Errors = 0
PASS: full-scan 36 selected RTL fault campaign
$finish called at time : 62326 ns : File "C:/Users/phucn/Documents/DFT_Design for Test/Project/tb/tb_uart_tx_full_fault_campaign36.v" Line 423
