
 /----------------------------------------------------------------------------\
 |  yosys -- Yosys Open SYnthesis Suite                                       |
 |  Copyright (C) 2012 - 2026  Claire Xenia Wolf <claire@yosyshq.com>         |
 |  Distributed under an ISC-like license, type "license" to see terms        |
 \----------------------------------------------------------------------------/
 Yosys 0.69+152 (git sha1 6f876ae0e-dirty, Release, GNU /usr/bin/x86_64-w64-mingw32-g++ 15.2.1)

-- Executing script file `scripts/yosys/synth_tx_partial_scoap.ys' --

1. Executing Verilog-2005 frontend: rtl/common/scan_dff.v
Parsing Verilog input from `rtl/common/scan_dff.v' to AST representation.
Generating RTLIL representation for module `\scan_dff'.
Successfully finished Verilog frontend.

2. Executing Verilog-2005 frontend: rtl/partial_scan/uart_tx_partial_scoap.v
Parsing Verilog input from `rtl/partial_scan/uart_tx_partial_scoap.v' to AST representation.
Generating RTLIL representation for module `\uart_tx_partial_scoap'.
Successfully finished Verilog frontend.
Parameter \CLKS_PER_BIT = 16

3. Executing AST frontend in derive mode using pre-parsed AST for module `\uart_tx_partial_scoap'.
Parameter \CLKS_PER_BIT = 16
Generating RTLIL representation for module `$paramod\uart_tx_partial_scoap\CLKS_PER_BIT=s32'00000000000000000000000000010000'.

4. Executing HIERARCHY pass (managing design hierarchy).

4.1. Analyzing design hierarchy..
Top module:  \uart_tx_partial_scoap
Used module:     \scan_dff
Parameter \RESET_VALUE = 1'0

4.2. Executing AST frontend in derive mode using pre-parsed AST for module `\scan_dff'.
Parameter \RESET_VALUE = 1'0
Generating RTLIL representation for module `$paramod\scan_dff\RESET_VALUE=1'0'.
Parameter \RESET_VALUE = 1'0
Found cached RTLIL representation for module `$paramod\scan_dff\RESET_VALUE=1'0'.
Parameter \RESET_VALUE = 1'0
Found cached RTLIL representation for module `$paramod\scan_dff\RESET_VALUE=1'0'.
Parameter \RESET_VALUE = 1'0
Found cached RTLIL representation for module `$paramod\scan_dff\RESET_VALUE=1'0'.
Parameter \RESET_VALUE = 1'0
Found cached RTLIL representation for module `$paramod\scan_dff\RESET_VALUE=1'0'.
Parameter \RESET_VALUE = 1'0
Found cached RTLIL representation for module `$paramod\scan_dff\RESET_VALUE=1'0'.

4.3. Analyzing design hierarchy..
Top module:  \uart_tx_partial_scoap
Used module:     $paramod\scan_dff\RESET_VALUE=1'0

4.4. Analyzing design hierarchy..
Top module:  \uart_tx_partial_scoap
Used module:     $paramod\scan_dff\RESET_VALUE=1'0
Removing unused module `\scan_dff'.
Removed 1 unused modules.

5. Executing SYNTH pass.

5.1. Executing HIERARCHY pass (managing design hierarchy).

5.1.1. Analyzing design hierarchy..
Top module:  \uart_tx_partial_scoap
Used module:     $paramod\scan_dff\RESET_VALUE=1'0

5.1.2. Analyzing design hierarchy..
Top module:  \uart_tx_partial_scoap
Used module:     $paramod\scan_dff\RESET_VALUE=1'0
Removed 0 unused modules.

5.2. Executing PROC pass (convert processes to netlists).

5.2.1. Executing PROC_CLEAN pass (remove empty switches from decision trees).
Cleaned up 0 empty switches.

5.2.2. Executing PROC_RMDEAD pass (remove dead branches from decision trees).
Removed 1 dead cases from process $proc$rtl/partial_scan/uart_tx_partial_scoap.v:46$28 in module uart_tx_partial_scoap.
Marked 6 switch rules as full_case in process $proc$rtl/partial_scan/uart_tx_partial_scoap.v:46$28 in module uart_tx_partial_scoap.
Marked 1 switch rules as full_case in process $proc$rtl/partial_scan/uart_tx_partial_scoap.v:143$41 in module uart_tx_partial_scoap.
Marked 1 switch rules as full_case in process $proc$rtl/partial_scan/uart_tx_partial_scoap.v:143$42 in module uart_tx_partial_scoap.
Marked 1 switch rules as full_case in process $proc$rtl/partial_scan/uart_tx_partial_scoap.v:143$43 in module uart_tx_partial_scoap.
Marked 1 switch rules as full_case in process $proc$rtl/partial_scan/uart_tx_partial_scoap.v:143$44 in module uart_tx_partial_scoap.
Marked 1 switch rules as full_case in process $proc$rtl/partial_scan/uart_tx_partial_scoap.v:143$45 in module uart_tx_partial_scoap.
Marked 1 switch rules as full_case in process $proc$rtl/partial_scan/uart_tx_partial_scoap.v:143$46 in module uart_tx_partial_scoap.
Marked 1 switch rules as full_case in process $proc$rtl/partial_scan/uart_tx_partial_scoap.v:143$47 in module uart_tx_partial_scoap.
Marked 1 switch rules as full_case in process $proc$rtl/partial_scan/uart_tx_partial_scoap.v:143$48 in module uart_tx_partial_scoap.
Marked 1 switch rules as full_case in process $proc$rtl/partial_scan/uart_tx_partial_scoap.v:143$49 in module uart_tx_partial_scoap.
Marked 1 switch rules as full_case in process $proc$rtl/partial_scan/uart_tx_partial_scoap.v:143$50 in module uart_tx_partial_scoap.
Marked 1 switch rules as full_case in process $proc$rtl/partial_scan/uart_tx_partial_scoap.v:143$51 in module uart_tx_partial_scoap.
Marked 1 switch rules as full_case in process $proc$rtl/partial_scan/uart_tx_partial_scoap.v:143$52 in module uart_tx_partial_scoap.
Marked 1 switch rules as full_case in process $proc$rtl/common/scan_dff.v:34$53 in module $paramod\scan_dff\RESET_VALUE=1'0.
Removed a total of 1 dead cases.

5.2.3. Executing PROC_PRUNE pass (remove redundant assignments in processes).
Removed 13 redundant assignments.
Promoted 5 assignments to connections.

5.2.4. Executing PROC_INIT pass (extract init attributes).

5.2.5. Executing PROC_ARST pass (detect async resets in processes).

5.2.6. Executing PROC_ROM pass (convert switches to ROMs).
Converted 0 switches.
<suppressed ~19 debug messages>

5.2.7. Executing PROC_MUX pass (convert decision trees to multiplexers).
Creating decoders for process `\uart_tx_partial_scoap.$proc$rtl/partial_scan/uart_tx_partial_scoap.v:46$28'.
     1/20: $4\clk_count_next[3:0]
     2/20: $6\state_next[1:0]
     3/20: $5\uart_tx_next[0:0]
     4/20: $3\bit_index_next[2:0]
     5/20: $5\state_next[1:0]
     6/20: $3\clk_count_next[3:0]
     7/20: $4\uart_tx_next[0:0]
     8/20: $4\state_next[1:0]
     9/20: $2\bit_index_next[2:0]
    10/20: $2\clk_count_next[3:0]
    11/20: $3\uart_tx_next[0:0]
    12/20: $3\state_next[1:0]
    13/20: $2\state_next[1:0]
    14/20: $2\uart_tx_next[0:0]
    15/20: $2\data_next[7:0]
    16/20: $1\uart_tx_next[0:0]
    17/20: $1\state_next[1:0]
    18/20: $1\data_next[7:0]
    19/20: $1\bit_index_next[2:0]
    20/20: $1\clk_count_next[3:0]
Creating decoders for process `\uart_tx_partial_scoap.$proc$rtl/partial_scan/uart_tx_partial_scoap.v:143$41'.
     1/1: $0\GEN_FF[0].NON_SCANNED.q_reg[0:0]
Creating decoders for process `\uart_tx_partial_scoap.$proc$rtl/partial_scan/uart_tx_partial_scoap.v:143$42'.
     1/1: $0\GEN_FF[1].NON_SCANNED.q_reg[0:0]
Creating decoders for process `\uart_tx_partial_scoap.$proc$rtl/partial_scan/uart_tx_partial_scoap.v:143$43'.
     1/1: $0\GEN_FF[2].NON_SCANNED.q_reg[0:0]
Creating decoders for process `\uart_tx_partial_scoap.$proc$rtl/partial_scan/uart_tx_partial_scoap.v:143$44'.
     1/1: $0\GEN_FF[3].NON_SCANNED.q_reg[0:0]
Creating decoders for process `\uart_tx_partial_scoap.$proc$rtl/partial_scan/uart_tx_partial_scoap.v:143$45'.
     1/1: $0\GEN_FF[4].NON_SCANNED.q_reg[0:0]
Creating decoders for process `\uart_tx_partial_scoap.$proc$rtl/partial_scan/uart_tx_partial_scoap.v:143$46'.
     1/1: $0\GEN_FF[5].NON_SCANNED.q_reg[0:0]
Creating decoders for process `\uart_tx_partial_scoap.$proc$rtl/partial_scan/uart_tx_partial_scoap.v:143$47'.
     1/1: $0\GEN_FF[6].NON_SCANNED.q_reg[0:0]
Creating decoders for process `\uart_tx_partial_scoap.$proc$rtl/partial_scan/uart_tx_partial_scoap.v:143$48'.
     1/1: $0\GEN_FF[7].NON_SCANNED.q_reg[0:0]
Creating decoders for process `\uart_tx_partial_scoap.$proc$rtl/partial_scan/uart_tx_partial_scoap.v:143$49'.
     1/1: $0\GEN_FF[10].NON_SCANNED.q_reg[0:0]
Creating decoders for process `\uart_tx_partial_scoap.$proc$rtl/partial_scan/uart_tx_partial_scoap.v:143$50'.
     1/1: $0\GEN_FF[15].NON_SCANNED.q_reg[0:0]
Creating decoders for process `\uart_tx_partial_scoap.$proc$rtl/partial_scan/uart_tx_partial_scoap.v:143$51'.
     1/1: $0\GEN_FF[16].NON_SCANNED.q_reg[0:0]
Creating decoders for process `\uart_tx_partial_scoap.$proc$rtl/partial_scan/uart_tx_partial_scoap.v:143$52'.
     1/1: $0\GEN_FF[17].NON_SCANNED.q_reg[0:0]
Creating decoders for process `$paramod\scan_dff\RESET_VALUE=1'0.$proc$rtl/common/scan_dff.v:34$53'.
     1/1: $0\q[0:0]

5.2.8. Executing PROC_DLATCH pass (convert process syncs to latches).
No latch inferred for signal `\uart_tx_partial_scoap.\data_next' from process `\uart_tx_partial_scoap.$proc$rtl/partial_scan/uart_tx_partial_scoap.v:46$28'.
No latch inferred for signal `\uart_tx_partial_scoap.\bit_index_next' from process `\uart_tx_partial_scoap.$proc$rtl/partial_scan/uart_tx_partial_scoap.v:46$28'.
No latch inferred for signal `\uart_tx_partial_scoap.\clk_count_next' from process `\uart_tx_partial_scoap.$proc$rtl/partial_scan/uart_tx_partial_scoap.v:46$28'.
No latch inferred for signal `\uart_tx_partial_scoap.\state_next' from process `\uart_tx_partial_scoap.$proc$rtl/partial_scan/uart_tx_partial_scoap.v:46$28'.
No latch inferred for signal `\uart_tx_partial_scoap.\uart_tx_next' from process `\uart_tx_partial_scoap.$proc$rtl/partial_scan/uart_tx_partial_scoap.v:46$28'.

5.2.9. Executing PROC_DFF pass (convert process syncs to FFs).
Creating register for signal `\uart_tx_partial_scoap.\GEN_FF[0].NON_SCANNED.q_reg' using process `\uart_tx_partial_scoap.$proc$rtl/partial_scan/uart_tx_partial_scoap.v:143$41'.
  created $dff cell `$procdff$225' with positive edge clock.
Creating register for signal `\uart_tx_partial_scoap.\GEN_FF[1].NON_SCANNED.q_reg' using process `\uart_tx_partial_scoap.$proc$rtl/partial_scan/uart_tx_partial_scoap.v:143$42'.
  created $dff cell `$procdff$226' with positive edge clock.
Creating register for signal `\uart_tx_partial_scoap.\GEN_FF[2].NON_SCANNED.q_reg' using process `\uart_tx_partial_scoap.$proc$rtl/partial_scan/uart_tx_partial_scoap.v:143$43'.
  created $dff cell `$procdff$227' with positive edge clock.
Creating register for signal `\uart_tx_partial_scoap.\GEN_FF[3].NON_SCANNED.q_reg' using process `\uart_tx_partial_scoap.$proc$rtl/partial_scan/uart_tx_partial_scoap.v:143$44'.
  created $dff cell `$procdff$228' with positive edge clock.
Creating register for signal `\uart_tx_partial_scoap.\GEN_FF[4].NON_SCANNED.q_reg' using process `\uart_tx_partial_scoap.$proc$rtl/partial_scan/uart_tx_partial_scoap.v:143$45'.
  created $dff cell `$procdff$229' with positive edge clock.
Creating register for signal `\uart_tx_partial_scoap.\GEN_FF[5].NON_SCANNED.q_reg' using process `\uart_tx_partial_scoap.$proc$rtl/partial_scan/uart_tx_partial_scoap.v:143$46'.
  created $dff cell `$procdff$230' with positive edge clock.
Creating register for signal `\uart_tx_partial_scoap.\GEN_FF[6].NON_SCANNED.q_reg' using process `\uart_tx_partial_scoap.$proc$rtl/partial_scan/uart_tx_partial_scoap.v:143$47'.
  created $dff cell `$procdff$231' with positive edge clock.
Creating register for signal `\uart_tx_partial_scoap.\GEN_FF[7].NON_SCANNED.q_reg' using process `\uart_tx_partial_scoap.$proc$rtl/partial_scan/uart_tx_partial_scoap.v:143$48'.
  created $dff cell `$procdff$232' with positive edge clock.
Creating register for signal `\uart_tx_partial_scoap.\GEN_FF[10].NON_SCANNED.q_reg' using process `\uart_tx_partial_scoap.$proc$rtl/partial_scan/uart_tx_partial_scoap.v:143$49'.
  created $dff cell `$procdff$233' with positive edge clock.
Creating register for signal `\uart_tx_partial_scoap.\GEN_FF[15].NON_SCANNED.q_reg' using process `\uart_tx_partial_scoap.$proc$rtl/partial_scan/uart_tx_partial_scoap.v:143$50'.
  created $dff cell `$procdff$234' with positive edge clock.
Creating register for signal `\uart_tx_partial_scoap.\GEN_FF[16].NON_SCANNED.q_reg' using process `\uart_tx_partial_scoap.$proc$rtl/partial_scan/uart_tx_partial_scoap.v:143$51'.
  created $dff cell `$procdff$235' with positive edge clock.
Creating register for signal `\uart_tx_partial_scoap.\GEN_FF[17].NON_SCANNED.q_reg' using process `\uart_tx_partial_scoap.$proc$rtl/partial_scan/uart_tx_partial_scoap.v:143$52'.
  created $dff cell `$procdff$236' with positive edge clock.
Creating register for signal `$paramod\scan_dff\RESET_VALUE=1'0.\q' using process `$paramod\scan_dff\RESET_VALUE=1'0.$proc$rtl/common/scan_dff.v:34$53'.
  created $dff cell `$procdff$237' with positive edge clock.

5.2.10. Executing PROC_MEMWR pass (convert process memory writes to cells).

5.2.11. Executing PROC_CLEAN pass (remove empty switches from decision trees).
Found and cleaned up 6 empty switches in `\uart_tx_partial_scoap.$proc$rtl/partial_scan/uart_tx_partial_scoap.v:46$28'.
Removing empty process `uart_tx_partial_scoap.$proc$rtl/partial_scan/uart_tx_partial_scoap.v:46$28'.
Found and cleaned up 1 empty switch in `\uart_tx_partial_scoap.$proc$rtl/partial_scan/uart_tx_partial_scoap.v:143$41'.
Removing empty process `uart_tx_partial_scoap.$proc$rtl/partial_scan/uart_tx_partial_scoap.v:143$41'.
Found and cleaned up 1 empty switch in `\uart_tx_partial_scoap.$proc$rtl/partial_scan/uart_tx_partial_scoap.v:143$42'.
Removing empty process `uart_tx_partial_scoap.$proc$rtl/partial_scan/uart_tx_partial_scoap.v:143$42'.
Found and cleaned up 1 empty switch in `\uart_tx_partial_scoap.$proc$rtl/partial_scan/uart_tx_partial_scoap.v:143$43'.
Removing empty process `uart_tx_partial_scoap.$proc$rtl/partial_scan/uart_tx_partial_scoap.v:143$43'.
Found and cleaned up 1 empty switch in `\uart_tx_partial_scoap.$proc$rtl/partial_scan/uart_tx_partial_scoap.v:143$44'.
Removing empty process `uart_tx_partial_scoap.$proc$rtl/partial_scan/uart_tx_partial_scoap.v:143$44'.
Found and cleaned up 1 empty switch in `\uart_tx_partial_scoap.$proc$rtl/partial_scan/uart_tx_partial_scoap.v:143$45'.
Removing empty process `uart_tx_partial_scoap.$proc$rtl/partial_scan/uart_tx_partial_scoap.v:143$45'.
Found and cleaned up 1 empty switch in `\uart_tx_partial_scoap.$proc$rtl/partial_scan/uart_tx_partial_scoap.v:143$46'.
Removing empty process `uart_tx_partial_scoap.$proc$rtl/partial_scan/uart_tx_partial_scoap.v:143$46'.
Found and cleaned up 1 empty switch in `\uart_tx_partial_scoap.$proc$rtl/partial_scan/uart_tx_partial_scoap.v:143$47'.
Removing empty process `uart_tx_partial_scoap.$proc$rtl/partial_scan/uart_tx_partial_scoap.v:143$47'.
Found and cleaned up 1 empty switch in `\uart_tx_partial_scoap.$proc$rtl/partial_scan/uart_tx_partial_scoap.v:143$48'.
Removing empty process `uart_tx_partial_scoap.$proc$rtl/partial_scan/uart_tx_partial_scoap.v:143$48'.
Found and cleaned up 1 empty switch in `\uart_tx_partial_scoap.$proc$rtl/partial_scan/uart_tx_partial_scoap.v:143$49'.
Removing empty process `uart_tx_partial_scoap.$proc$rtl/partial_scan/uart_tx_partial_scoap.v:143$49'.
Found and cleaned up 1 empty switch in `\uart_tx_partial_scoap.$proc$rtl/partial_scan/uart_tx_partial_scoap.v:143$50'.
Removing empty process `uart_tx_partial_scoap.$proc$rtl/partial_scan/uart_tx_partial_scoap.v:143$50'.
Found and cleaned up 1 empty switch in `\uart_tx_partial_scoap.$proc$rtl/partial_scan/uart_tx_partial_scoap.v:143$51'.
Removing empty process `uart_tx_partial_scoap.$proc$rtl/partial_scan/uart_tx_partial_scoap.v:143$51'.
Found and cleaned up 1 empty switch in `\uart_tx_partial_scoap.$proc$rtl/partial_scan/uart_tx_partial_scoap.v:143$52'.
Removing empty process `uart_tx_partial_scoap.$proc$rtl/partial_scan/uart_tx_partial_scoap.v:143$52'.
Found and cleaned up 1 empty switch in `$paramod\scan_dff\RESET_VALUE=1'0.$proc$rtl/common/scan_dff.v:34$53'.
Removing empty process `$paramod\scan_dff\RESET_VALUE=1'0.$proc$rtl/common/scan_dff.v:34$53'.
Cleaned up 19 empty switches.

5.2.12. Executing OPT_EXPR pass (perform const folding).
Optimizing module uart_tx_partial_scoap.
<suppressed ~9 debug messages>
Optimizing module $paramod\scan_dff\RESET_VALUE=1'0.

5.3. Executing CHECK pass (checking for obvious problems).
Checking module uart_tx_partial_scoap...
Checking module $paramod\scan_dff\RESET_VALUE=1'0...
Found and reported 0 problems.

5.4. Executing FLATTEN pass (flatten design).
Deleting now unused module $paramod\scan_dff\RESET_VALUE=1'0.
<suppressed ~6 debug messages>

5.5. Executing OPT_EXPR pass (perform const folding).
Optimizing module uart_tx_partial_scoap.

5.6. Executing CHECK pass (checking for obvious problems).
Checking module uart_tx_partial_scoap...
Found and reported 0 problems.

5.7. Executing OPT_CLEAN pass (remove unused cells and wires).
Finding unused cells or wires in module \uart_tx_partial_scoap..
Removed 0 unused cells and 91 unused wires.
<suppressed ~1 debug messages>

5.8. Executing OPT pass (performing simple optimizations).

5.8.1. Executing OPT_EXPR pass (perform const folding).
Optimizing module uart_tx_partial_scoap.

5.8.2. Executing OPT_MERGE pass (detect identical cells).
Finding identical cells in module `\uart_tx_partial_scoap'.
Computing hashes of 133 cells of `\uart_tx_partial_scoap'.
Finding duplicate cells in `\uart_tx_partial_scoap'.
Computing hashes of 97 cells of `\uart_tx_partial_scoap'.
Finding duplicate cells in `\uart_tx_partial_scoap'.
<suppressed ~108 debug messages>
Removed a total of 36 cells.

5.8.3. Executing OPT_MUXTREE pass (detect dead branches in mux trees).
Running muxtree optimizer on module \uart_tx_partial_scoap..
  Creating internal representation of mux trees.
  Evaluating internal representation of mux trees.
  Analyzing evaluation results.
    dead port 2/2 on $mux $procmux$159.
    dead port 2/2 on $mux $procmux$151.
    dead port 2/2 on $mux $procmux$143.
    dead port 2/2 on $mux $procmux$135.
    dead port 2/2 on $mux $procmux$128.
    dead port 2/2 on $mux $procmux$121.
    dead port 2/2 on $mux $procmux$114.
    dead port 2/2 on $mux $procmux$108.
    dead port 2/2 on $mux $procmux$102.
    dead port 2/2 on $mux $procmux$96.
    dead port 2/2 on $mux $procmux$90.
    dead port 1/2 on $mux $procmux$88.
    dead port 2/2 on $mux $procmux$81.
    dead port 1/2 on $mux $procmux$79.
    dead port 2/2 on $mux $procmux$72.
    dead port 1/2 on $mux $procmux$70.
    dead port 2/2 on $mux $procmux$63.
    dead port 2/2 on $mux $procmux$58.
Removed 18 multiplexer ports.
<suppressed ~178 debug messages>

5.8.4. Executing OPT_REDUCE pass (consolidate $*mux and $reduce_* inputs).
  Optimizing cells in module \uart_tx_partial_scoap.
    New ctrl vector for $pmux cell $procmux$171: { $auto$opt_reduce.cc:137:opt_pmux$245 $procmux$185_CMP }
    New ctrl vector for $pmux cell $procmux$176: { $auto$opt_reduce.cc:137:opt_pmux$247 $procmux$183_CMP $procmux$185_CMP }
  Optimizing cells in module \uart_tx_partial_scoap.
Performed a total of 2 changes.

5.8.5. Executing OPT_MERGE pass (detect identical cells).
Finding identical cells in module `\uart_tx_partial_scoap'.
Computing hashes of 81 cells of `\uart_tx_partial_scoap'.
Finding duplicate cells in `\uart_tx_partial_scoap'.
Computing hashes of 79 cells of `\uart_tx_partial_scoap'.
Finding duplicate cells in `\uart_tx_partial_scoap'.
<suppressed ~6 debug messages>
Removed a total of 2 cells.

5.8.6. Executing OPT_DFF pass (perform DFF optimizations).

5.8.7. Executing OPT_CLEAN pass (remove unused cells and wires).
Finding unused cells or wires in module \uart_tx_partial_scoap..
Removed 0 unused cells and 56 unused wires.
<suppressed ~1 debug messages>

5.8.8. Executing OPT_EXPR pass (perform const folding).
Optimizing module uart_tx_partial_scoap.

5.8.9. Rerunning OPT passes. (Maybe there is more to do..)

5.8.10. Executing OPT_MUXTREE pass (detect dead branches in mux trees).
Running muxtree optimizer on module \uart_tx_partial_scoap..
  Creating internal representation of mux trees.
  Evaluating internal representation of mux trees.
  Analyzing evaluation results.
Removed 0 multiplexer ports.
<suppressed ~121 debug messages>

5.8.11. Executing OPT_REDUCE pass (consolidate $*mux and $reduce_* inputs).
  Optimizing cells in module \uart_tx_partial_scoap.
    New ctrl vector for $pmux cell $procmux$181: { $auto$opt_reduce.cc:137:opt_pmux$249 \tx_ready }
  Optimizing cells in module \uart_tx_partial_scoap.
Performed a total of 1 changes.

5.8.12. Executing OPT_MERGE pass (detect identical cells).
Finding identical cells in module `\uart_tx_partial_scoap'.
Computing hashes of 80 cells of `\uart_tx_partial_scoap'.
Finding duplicate cells in `\uart_tx_partial_scoap'.
Computing hashes of 79 cells of `\uart_tx_partial_scoap'.
Finding duplicate cells in `\uart_tx_partial_scoap'.
<suppressed ~3 debug messages>
Removed a total of 1 cells.

5.8.13. Executing OPT_DFF pass (perform DFF optimizations).

5.8.14. Executing OPT_CLEAN pass (remove unused cells and wires).
Finding unused cells or wires in module \uart_tx_partial_scoap..
Removed 0 unused cells and 1 unused wires.
<suppressed ~1 debug messages>

5.8.15. Executing OPT_EXPR pass (perform const folding).
Optimizing module uart_tx_partial_scoap.

5.8.16. Rerunning OPT passes. (Maybe there is more to do..)

5.8.17. Executing OPT_MUXTREE pass (detect dead branches in mux trees).
Running muxtree optimizer on module \uart_tx_partial_scoap..
  Creating internal representation of mux trees.
  Evaluating internal representation of mux trees.
  Analyzing evaluation results.
Removed 0 multiplexer ports.
<suppressed ~109 debug messages>

5.8.18. Executing OPT_REDUCE pass (consolidate $*mux and $reduce_* inputs).
  Optimizing cells in module \uart_tx_partial_scoap.
Performed a total of 0 changes.

5.8.19. Executing OPT_MERGE pass (detect identical cells).
Finding identical cells in module `\uart_tx_partial_scoap'.
Computing hashes of 79 cells of `\uart_tx_partial_scoap'.
Finding duplicate cells in `\uart_tx_partial_scoap'.
Removed a total of 0 cells.

5.8.20. Executing OPT_DFF pass (perform DFF optimizations).

5.8.21. Executing OPT_CLEAN pass (remove unused cells and wires).
Finding unused cells or wires in module \uart_tx_partial_scoap..

5.8.22. Executing OPT_EXPR pass (perform const folding).
Optimizing module uart_tx_partial_scoap.

5.8.23. Finished fast OPT passes. (There is nothing left to do.)

5.9. Executing OPT pass (performing simple optimizations).

5.9.1. Executing OPT_EXPR pass (perform const folding).
Optimizing module uart_tx_partial_scoap.

5.9.2. Executing OPT_MERGE pass (detect identical cells).
Finding identical cells in module `\uart_tx_partial_scoap'.
Computing hashes of 79 cells of `\uart_tx_partial_scoap'.
Finding duplicate cells in `\uart_tx_partial_scoap'.
Removed a total of 0 cells.

5.9.3. Executing OPT_MUXTREE pass (detect dead branches in mux trees).
Running muxtree optimizer on module \uart_tx_partial_scoap..
  Creating internal representation of mux trees.
  Evaluating internal representation of mux trees.
  Analyzing evaluation results.
Removed 0 multiplexer ports.
<suppressed ~109 debug messages>

5.9.4. Executing OPT_REDUCE pass (consolidate $*mux and $reduce_* inputs).
  Optimizing cells in module \uart_tx_partial_scoap.
Performed a total of 0 changes.

5.9.5. Executing OPT_MERGE pass (detect identical cells).
Finding identical cells in module `\uart_tx_partial_scoap'.
Computing hashes of 79 cells of `\uart_tx_partial_scoap'.
Finding duplicate cells in `\uart_tx_partial_scoap'.
Removed a total of 0 cells.

5.9.6. Executing OPT_DFF pass (perform DFF optimizations).
Adding SRST signal on $flatten\GEN_FF[9].SCANNED.u_scan_dff.$procdff$237 ($dff) from module uart_tx_partial_scoap (D = \GEN_FF[9].SCANNED.u_scan_dff.d, Q = \GEN_FF[9].SCANNED.u_scan_dff.q, rval = 1'0).
Adding EN signal on $auto$ff.cc:337:slice$250 ($sdff) from module uart_tx_partial_scoap (D = \GEN_FF[9].SCANNED.u_scan_dff.d, Q = \GEN_FF[9].SCANNED.u_scan_dff.q).
Adding SRST signal on $procdff$225 ($dff) from module uart_tx_partial_scoap (D = \data_next [0], Q = \GEN_FF[0].NON_SCANNED.q_reg, rval = 1'0).
Adding EN signal on $auto$ff.cc:337:slice$260 ($sdff) from module uart_tx_partial_scoap (D = \data_next [0], Q = \GEN_FF[0].NON_SCANNED.q_reg).
Adding SRST signal on $procdff$226 ($dff) from module uart_tx_partial_scoap (D = \data_next [1], Q = \GEN_FF[1].NON_SCANNED.q_reg, rval = 1'0).
Adding EN signal on $auto$ff.cc:337:slice$268 ($sdff) from module uart_tx_partial_scoap (D = \data_next [1], Q = \GEN_FF[1].NON_SCANNED.q_reg).
Adding SRST signal on $flatten\GEN_FF[8].SCANNED.u_scan_dff.$procdff$237 ($dff) from module uart_tx_partial_scoap (D = \GEN_FF[8].SCANNED.u_scan_dff.d, Q = \GEN_FF[8].SCANNED.u_scan_dff.q, rval = 1'0).
Adding EN signal on $auto$ff.cc:337:slice$276 ($sdff) from module uart_tx_partial_scoap (D = \GEN_FF[8].SCANNED.u_scan_dff.d, Q = \GEN_FF[8].SCANNED.u_scan_dff.q).
Adding SRST signal on $procdff$227 ($dff) from module uart_tx_partial_scoap (D = \data_next [2], Q = \GEN_FF[2].NON_SCANNED.q_reg, rval = 1'0).
Adding EN signal on $auto$ff.cc:337:slice$286 ($sdff) from module uart_tx_partial_scoap (D = \data_next [2], Q = \GEN_FF[2].NON_SCANNED.q_reg).
Adding SRST signal on $procdff$228 ($dff) from module uart_tx_partial_scoap (D = \data_next [3], Q = \GEN_FF[3].NON_SCANNED.q_reg, rval = 1'0).
Adding EN signal on $auto$ff.cc:337:slice$294 ($sdff) from module uart_tx_partial_scoap (D = \data_next [3], Q = \GEN_FF[3].NON_SCANNED.q_reg).
Adding SRST signal on $procdff$229 ($dff) from module uart_tx_partial_scoap (D = \data_next [4], Q = \GEN_FF[4].NON_SCANNED.q_reg, rval = 1'0).
Adding EN signal on $auto$ff.cc:337:slice$302 ($sdff) from module uart_tx_partial_scoap (D = \data_next [4], Q = \GEN_FF[4].NON_SCANNED.q_reg).
Adding SRST signal on $procdff$230 ($dff) from module uart_tx_partial_scoap (D = \data_next [5], Q = \GEN_FF[5].NON_SCANNED.q_reg, rval = 1'0).
Adding EN signal on $auto$ff.cc:337:slice$310 ($sdff) from module uart_tx_partial_scoap (D = \data_next [5], Q = \GEN_FF[5].NON_SCANNED.q_reg).
Adding SRST signal on $procdff$231 ($dff) from module uart_tx_partial_scoap (D = \data_next [6], Q = \GEN_FF[6].NON_SCANNED.q_reg, rval = 1'0).
Adding EN signal on $auto$ff.cc:337:slice$318 ($sdff) from module uart_tx_partial_scoap (D = \data_next [6], Q = \GEN_FF[6].NON_SCANNED.q_reg).
Adding SRST signal on $procdff$232 ($dff) from module uart_tx_partial_scoap (D = \data_next [7], Q = \GEN_FF[7].NON_SCANNED.q_reg, rval = 1'0).
Adding EN signal on $auto$ff.cc:337:slice$326 ($sdff) from module uart_tx_partial_scoap (D = \data_next [7], Q = \GEN_FF[7].NON_SCANNED.q_reg).
Adding SRST signal on $procdff$233 ($dff) from module uart_tx_partial_scoap (D = \bit_index_next [2], Q = \GEN_FF[10].NON_SCANNED.q_reg, rval = 1'0).
Adding EN signal on $auto$ff.cc:337:slice$334 ($sdff) from module uart_tx_partial_scoap (D = \bit_index_next [2], Q = \GEN_FF[10].NON_SCANNED.q_reg).
Adding SRST signal on $procdff$234 ($dff) from module uart_tx_partial_scoap (D = \state_next [0], Q = \GEN_FF[15].NON_SCANNED.q_reg, rval = 1'0).
Adding EN signal on $auto$ff.cc:337:slice$344 ($sdff) from module uart_tx_partial_scoap (D = \state_next [0], Q = \GEN_FF[15].NON_SCANNED.q_reg).
Adding SRST signal on $procdff$235 ($dff) from module uart_tx_partial_scoap (D = \state_next [1], Q = \GEN_FF[16].NON_SCANNED.q_reg, rval = 1'0).
Adding EN signal on $auto$ff.cc:337:slice$358 ($sdff) from module uart_tx_partial_scoap (D = \state_next [1], Q = \GEN_FF[16].NON_SCANNED.q_reg).
Adding SRST signal on $procdff$236 ($dff) from module uart_tx_partial_scoap (D = \uart_tx_next, Q = \GEN_FF[17].NON_SCANNED.q_reg, rval = 1'1).
Adding EN signal on $auto$ff.cc:337:slice$372 ($sdff) from module uart_tx_partial_scoap (D = \uart_tx_next, Q = \GEN_FF[17].NON_SCANNED.q_reg).
Adding SRST signal on $flatten\GEN_FF[14].SCANNED.u_scan_dff.$procdff$237 ($dff) from module uart_tx_partial_scoap (D = \GEN_FF[14].SCANNED.u_scan_dff.d, Q = \GEN_FF[14].SCANNED.u_scan_dff.q, rval = 1'0).
Adding SRST signal on $flatten\GEN_FF[13].SCANNED.u_scan_dff.$procdff$237 ($dff) from module uart_tx_partial_scoap (D = \GEN_FF[13].SCANNED.u_scan_dff.d, Q = \GEN_FF[13].SCANNED.u_scan_dff.q, rval = 1'0).
Adding SRST signal on $flatten\GEN_FF[12].SCANNED.u_scan_dff.$procdff$237 ($dff) from module uart_tx_partial_scoap (D = \GEN_FF[12].SCANNED.u_scan_dff.d, Q = \GEN_FF[12].SCANNED.u_scan_dff.q, rval = 1'0).
Adding SRST signal on $flatten\GEN_FF[11].SCANNED.u_scan_dff.$procdff$237 ($dff) from module uart_tx_partial_scoap (D = \GEN_FF[11].SCANNED.u_scan_dff.d, Q = \GEN_FF[11].SCANNED.u_scan_dff.q, rval = 1'0).

5.9.7. Executing OPT_CLEAN pass (remove unused cells and wires).
Finding unused cells or wires in module \uart_tx_partial_scoap..
Removed 18 unused cells and 18 unused wires.
<suppressed ~19 debug messages>

5.9.8. Executing OPT_EXPR pass (perform const folding).
Optimizing module uart_tx_partial_scoap.
<suppressed ~10 debug messages>

5.9.9. Rerunning OPT passes. (Maybe there is more to do..)

5.9.10. Executing OPT_MUXTREE pass (detect dead branches in mux trees).
Running muxtree optimizer on module \uart_tx_partial_scoap..
  Creating internal representation of mux trees.
  Evaluating internal representation of mux trees.
  Analyzing evaluation results.
Removed 0 multiplexer ports.
<suppressed ~43 debug messages>

5.9.11. Executing OPT_REDUCE pass (consolidate $*mux and $reduce_* inputs).
  Optimizing cells in module \uart_tx_partial_scoap.
    New ctrl vector for $pmux cell $procmux$171: \tx_ready
    New ctrl vector for $pmux cell $procmux$161: { $procmux$103_CMP $procmux$122_CMP \tx_ready }
    New ctrl vector for $pmux cell $procmux$176: { \tx_ready $procmux$103_CMP }
  Optimizing cells in module \uart_tx_partial_scoap.
Performed a total of 3 changes.

5.9.12. Executing OPT_MERGE pass (detect identical cells).
Finding identical cells in module `\uart_tx_partial_scoap'.
Computing hashes of 113 cells of `\uart_tx_partial_scoap'.
Finding duplicate cells in `\uart_tx_partial_scoap'.
Computing hashes of 87 cells of `\uart_tx_partial_scoap'.
Finding duplicate cells in `\uart_tx_partial_scoap'.
Computing hashes of 78 cells of `\uart_tx_partial_scoap'.
Finding duplicate cells in `\uart_tx_partial_scoap'.
<suppressed ~105 debug messages>
Removed a total of 35 cells.

5.9.13. Executing OPT_DFF pass (perform DFF optimizations).

5.9.14. Executing OPT_CLEAN pass (remove unused cells and wires).
Finding unused cells or wires in module \uart_tx_partial_scoap..
Removed 0 unused cells and 35 unused wires.
<suppressed ~1 debug messages>

5.9.15. Executing OPT_EXPR pass (perform const folding).
Optimizing module uart_tx_partial_scoap.

5.9.16. Rerunning OPT passes. (Maybe there is more to do..)

5.9.17. Executing OPT_MUXTREE pass (detect dead branches in mux trees).
Running muxtree optimizer on module \uart_tx_partial_scoap..
  Creating internal representation of mux trees.
  Evaluating internal representation of mux trees.
  Analyzing evaluation results.
Removed 0 multiplexer ports.
<suppressed ~43 debug messages>

5.9.18. Executing OPT_REDUCE pass (consolidate $*mux and $reduce_* inputs).
  Optimizing cells in module \uart_tx_partial_scoap.
Performed a total of 0 changes.

5.9.19. Executing OPT_MERGE pass (detect identical cells).
Finding identical cells in module `\uart_tx_partial_scoap'.
Computing hashes of 78 cells of `\uart_tx_partial_scoap'.
Finding duplicate cells in `\uart_tx_partial_scoap'.
Removed a total of 0 cells.

5.9.20. Executing OPT_DFF pass (perform DFF optimizations).

5.9.21. Executing OPT_CLEAN pass (remove unused cells and wires).
Finding unused cells or wires in module \uart_tx_partial_scoap..

5.9.22. Executing OPT_EXPR pass (perform const folding).
Optimizing module uart_tx_partial_scoap.

5.9.23. Finished fast OPT passes. (There is nothing left to do.)

5.10. Executing WREDUCE pass (reducing word size of cells).
Removed top 1 bits (of 2) from port B of cell uart_tx_partial_scoap.$auto$simple.cc:194:make_patterns_logic$331 ($ne).
Removed top 1 bits (of 2) from port B of cell uart_tx_partial_scoap.$auto$simple.cc:194:make_patterns_logic$279 ($ne).
Removed top 29 bits (of 32) from port B of cell uart_tx_partial_scoap.$lt$rtl/partial_scan/uart_tx_partial_scoap.v:84$34 ($lt).
Removed top 31 bits (of 32) from port B of cell uart_tx_partial_scoap.$add$rtl/partial_scan/uart_tx_partial_scoap.v:86$36 ($add).
Removed top 28 bits (of 32) from port Y of cell uart_tx_partial_scoap.$add$rtl/partial_scan/uart_tx_partial_scoap.v:86$36 ($add).
Removed top 27 bits (of 32) from port B of cell uart_tx_partial_scoap.$shiftx$rtl/partial_scan/uart_tx_partial_scoap.v:86$37 ($shiftx).
Removed top 1 bits (of 2) from port B of cell uart_tx_partial_scoap.$procmux$184_CMP0 ($eq).
Removed top 28 bits (of 32) from wire uart_tx_partial_scoap.$add$rtl/partial_scan/uart_tx_partial_scoap.v:86$36_Y.

5.11. Executing PEEPOPT pass (run peephole optimizers).
shiftadd pattern in uart_tx_partial_scoap: shift=$shiftx$rtl/partial_scan/uart_tx_partial_scoap.v:86$37, add/sub=$add$rtl/partial_scan/uart_tx_partial_scoap.v:86$36, offset: 1

5.12. Executing OPT_CLEAN pass (remove unused cells and wires).
Finding unused cells or wires in module \uart_tx_partial_scoap..
Removed 1 unused cells and 2 unused wires.
<suppressed ~2 debug messages>

5.13. Executing ALUMACC pass (create $alu and $macc cells).
Extracting $alu and $macc cells in module uart_tx_partial_scoap:
  creating $macc model for $add$rtl/partial_scan/uart_tx_partial_scoap.v:68$31 ($add).
  creating $macc model for $add$rtl/partial_scan/uart_tx_partial_scoap.v:85$35 ($add).
  creating $alu model for $macc $add$rtl/partial_scan/uart_tx_partial_scoap.v:85$35.
  creating $alu model for $macc $add$rtl/partial_scan/uart_tx_partial_scoap.v:68$31.
  creating $alu model for $lt$rtl/partial_scan/uart_tx_partial_scoap.v:84$34 ($lt): new $alu
  creating $alu cell for $lt$rtl/partial_scan/uart_tx_partial_scoap.v:84$34: $auto$alumacc.cc:576:replace_alu$388
  creating $alu cell for $add$rtl/partial_scan/uart_tx_partial_scoap.v:68$31: $auto$alumacc.cc:576:replace_alu$393
  creating $alu cell for $add$rtl/partial_scan/uart_tx_partial_scoap.v:85$35: $auto$alumacc.cc:576:replace_alu$396
  created 3 $alu and 0 $macc cells.

5.14. Executing SHARE pass (SAT-based resource sharing).

5.15. Executing OPT pass (performing simple optimizations).

5.15.1. Executing OPT_EXPR pass (perform const folding).
Optimizing module uart_tx_partial_scoap.
<suppressed ~3 debug messages>

5.15.2. Executing OPT_MERGE pass (detect identical cells).
Finding identical cells in module `\uart_tx_partial_scoap'.
Computing hashes of 78 cells of `\uart_tx_partial_scoap'.
Finding duplicate cells in `\uart_tx_partial_scoap'.
Removed a total of 0 cells.

5.15.3. Executing OPT_MUXTREE pass (detect dead branches in mux trees).
Running muxtree optimizer on module \uart_tx_partial_scoap..
  Creating internal representation of mux trees.
  Evaluating internal representation of mux trees.
  Analyzing evaluation results.
Removed 0 multiplexer ports.
<suppressed ~43 debug messages>

5.15.4. Executing OPT_REDUCE pass (consolidate $*mux and $reduce_* inputs).
  Optimizing cells in module \uart_tx_partial_scoap.
Performed a total of 0 changes.

5.15.5. Executing OPT_MERGE pass (detect identical cells).
Finding identical cells in module `\uart_tx_partial_scoap'.
Computing hashes of 78 cells of `\uart_tx_partial_scoap'.
Finding duplicate cells in `\uart_tx_partial_scoap'.
Removed a total of 0 cells.

5.15.6. Executing OPT_DFF pass (perform DFF optimizations).

5.15.7. Executing OPT_CLEAN pass (remove unused cells and wires).
Finding unused cells or wires in module \uart_tx_partial_scoap..
Removed 0 unused cells and 1 unused wires.
<suppressed ~1 debug messages>

5.15.8. Executing OPT_EXPR pass (perform const folding).
Optimizing module uart_tx_partial_scoap.

5.15.9. Rerunning OPT passes. (Maybe there is more to do..)

5.15.10. Executing OPT_MUXTREE pass (detect dead branches in mux trees).
Running muxtree optimizer on module \uart_tx_partial_scoap..
  Creating internal representation of mux trees.
  Evaluating internal representation of mux trees.
  Analyzing evaluation results.
Removed 0 multiplexer ports.
<suppressed ~43 debug messages>

5.15.11. Executing OPT_REDUCE pass (consolidate $*mux and $reduce_* inputs).
  Optimizing cells in module \uart_tx_partial_scoap.
Performed a total of 0 changes.

5.15.12. Executing OPT_MERGE pass (detect identical cells).
Finding identical cells in module `\uart_tx_partial_scoap'.
Computing hashes of 78 cells of `\uart_tx_partial_scoap'.
Finding duplicate cells in `\uart_tx_partial_scoap'.
Removed a total of 0 cells.

5.15.13. Executing OPT_DFF pass (perform DFF optimizations).

5.15.14. Executing OPT_CLEAN pass (remove unused cells and wires).
Finding unused cells or wires in module \uart_tx_partial_scoap..

5.15.15. Executing OPT_EXPR pass (perform const folding).
Optimizing module uart_tx_partial_scoap.

5.15.16. Finished fast OPT passes. (There is nothing left to do.)

5.16. Executing MEMORY pass.

5.16.1. Executing OPT_MEM pass (optimize memories).
Performed a total of 0 transformations.

5.16.2. Executing OPT_MEM_PRIORITY pass (removing unnecessary memory write priority relations).
Performed a total of 0 transformations.

5.16.3. Executing OPT_MEM_FEEDBACK pass (finding memory read-to-write feedback paths).

5.16.4. Executing MEMORY_BMUX2ROM pass (converting muxes to ROMs).

5.16.5. Executing MEMORY_DFF pass (merging $dff cells to $memrd).

5.16.6. Executing OPT_CLEAN pass (remove unused cells and wires).
Finding unused cells or wires in module \uart_tx_partial_scoap..

5.16.7. Executing MEMORY_SHARE pass (consolidating $memrd/$memwr cells).

5.16.8. Executing OPT_MEM_WIDEN pass (optimize memories where all ports are wide).
Performed a total of 0 transformations.

5.16.9. Executing OPT_CLEAN pass (remove unused cells and wires).
Finding unused cells or wires in module \uart_tx_partial_scoap..

5.16.10. Executing MEMORY_COLLECT pass (generating $mem cells).

5.17. Executing OPT_CLEAN pass (remove unused cells and wires).
Finding unused cells or wires in module \uart_tx_partial_scoap..

5.18. Executing OPT pass (performing simple optimizations).

5.18.1. Executing OPT_EXPR pass (perform const folding).
Optimizing module uart_tx_partial_scoap.
<suppressed ~17 debug messages>

5.18.2. Executing OPT_MERGE pass (detect identical cells).
Finding identical cells in module `\uart_tx_partial_scoap'.
Computing hashes of 67 cells of `\uart_tx_partial_scoap'.
Finding duplicate cells in `\uart_tx_partial_scoap'.
Removed a total of 0 cells.

5.18.3. Executing OPT_DFF pass (perform DFF optimizations).

5.18.4. Executing OPT_CLEAN pass (remove unused cells and wires).
Finding unused cells or wires in module \uart_tx_partial_scoap..
Removed 0 unused cells and 10 unused wires.
<suppressed ~1 debug messages>

5.18.5. Finished fast OPT passes.

5.19. Executing MEMORY_MAP pass (converting memories to logic and flip-flops).

5.20. Executing OPT pass (performing simple optimizations).

5.20.1. Executing OPT_EXPR pass (perform const folding).
Optimizing module uart_tx_partial_scoap.

5.20.2. Executing OPT_MERGE pass (detect identical cells).
Finding identical cells in module `\uart_tx_partial_scoap'.
Computing hashes of 67 cells of `\uart_tx_partial_scoap'.
Finding duplicate cells in `\uart_tx_partial_scoap'.
Removed a total of 0 cells.

5.20.3. Executing OPT_MUXTREE pass (detect dead branches in mux trees).
Running muxtree optimizer on module \uart_tx_partial_scoap..
  Creating internal representation of mux trees.
  Evaluating internal representation of mux trees.
  Analyzing evaluation results.
Removed 0 multiplexer ports.
<suppressed ~29 debug messages>

5.20.4. Executing OPT_REDUCE pass (consolidate $*mux and $reduce_* inputs).
  Optimizing cells in module \uart_tx_partial_scoap.
Performed a total of 0 changes.

5.20.5. Executing OPT_MERGE pass (detect identical cells).
Finding identical cells in module `\uart_tx_partial_scoap'.
Computing hashes of 67 cells of `\uart_tx_partial_scoap'.
Finding duplicate cells in `\uart_tx_partial_scoap'.
Removed a total of 0 cells.

5.20.6. Executing OPT_SHARE pass.

5.20.7. Executing OPT_DFF pass (perform DFF optimizations).

5.20.8. Executing OPT_CLEAN pass (remove unused cells and wires).
Finding unused cells or wires in module \uart_tx_partial_scoap..

5.20.9. Executing OPT_EXPR pass (perform const folding).
Optimizing module uart_tx_partial_scoap.

5.20.10. Finished fast OPT passes. (There is nothing left to do.)

5.21. Executing TECHMAP pass (map to technology primitives).

5.21.1. Executing Verilog-2005 frontend: D:\oss-cad-suite\oss-cad-suite\bin\../share/yosys/techmap.v
Parsing Verilog input from `D:\oss-cad-suite\oss-cad-suite\bin\../share/yosys/techmap.v' to AST representation.
Generating RTLIL representation for module `\_90_simplemap_bool_ops'.
Generating RTLIL representation for module `\_90_simplemap_reduce_ops'.
Generating RTLIL representation for module `\_90_simplemap_logic_ops'.
Generating RTLIL representation for module `\_90_simplemap_compare_ops'.
Generating RTLIL representation for module `\_90_simplemap_various'.
Generating RTLIL representation for module `\_90_simplemap_registers'.
Generating RTLIL representation for module `\_90_shift_ops_shr_shl_sshl_sshr'.
Generating RTLIL representation for module `\_90_shift_shiftx'.
Generating RTLIL representation for module `\_90_fa'.
Generating RTLIL representation for module `\_90_lcu_brent_kung'.
Generating RTLIL representation for module `\_90_alu'.
Generating RTLIL representation for module `\_90_macc'.
Generating RTLIL representation for module `\_90_alumacc'.
Generating RTLIL representation for module `$__div_mod_u'.
Generating RTLIL representation for module `$__div_mod_trunc'.
Generating RTLIL representation for module `\_90_div'.
Generating RTLIL representation for module `\_90_mod'.
Generating RTLIL representation for module `$__div_mod_floor'.
Generating RTLIL representation for module `\_90_divfloor'.
Generating RTLIL representation for module `\_90_modfloor'.
Generating RTLIL representation for module `\_90_pow'.
Generating RTLIL representation for module `\_90_demux'.
Generating RTLIL representation for module `\_90_lut'.
Generating RTLIL representation for module `$connect'.
Generating RTLIL representation for module `$input_port'.
Successfully finished Verilog frontend.

5.21.2. Continuing TECHMAP pass.
Using template $paramod$3ef7d3dd227da7627a99c5e5a6a4deb817573e39\_90_alu for cells of type $alu.
Using template $paramod$32a7b7b86c07519b7537abc18e96f0331f97914d\_90_alu for cells of type $alu.
Using extmapper simplemap for cells of type $not.
Using template $paramod$78e969f2586efcf3a5b0b0440bcca0db83d5cca2\_90_alu for cells of type $alu.
Using extmapper simplemap for cells of type $sdff.
Using extmapper simplemap for cells of type $reduce_and.
Using extmapper simplemap for cells of type $sdffe.
Using extmapper simplemap for cells of type $ne.
Using extmapper simplemap for cells of type $reduce_or.
Using extmapper simplemap for cells of type $logic_and.
Using template $paramod$constmap:d59e78ea6604f5eb2bd2420b684b2328dc7223ef$paramod$196ac9e65781371566ce94c488df346714d3fd70\_90_shift_shiftx for cells of type $shiftx.
Using extmapper simplemap for cells of type $or.
Using extmapper simplemap for cells of type $mux.
Using extmapper simplemap for cells of type $pmux.
Using extmapper simplemap for cells of type $eq.
Using extmapper simplemap for cells of type $logic_not.
Using extmapper simplemap for cells of type $pos.
Using template $paramod\_90_fa\WIDTH=32'00000000000000000000000000000011 for cells of type $fa.
Using template $paramod\_90_lcu_brent_kung\WIDTH=32'00000000000000000000000000000011 for cells of type $lcu.
Using extmapper simplemap for cells of type $xor.
Using template $paramod\_90_fa\WIDTH=32'00000000000000000000000000000100 for cells of type $fa.
Using template $paramod\_90_lcu_brent_kung\WIDTH=32'00000000000000000000000000000100 for cells of type $lcu.
Using extmapper simplemap for cells of type $and.
No more expansions possible.
<suppressed ~600 debug messages>

5.22. Executing OPT pass (performing simple optimizations).

5.22.1. Executing OPT_EXPR pass (perform const folding).
Optimizing module uart_tx_partial_scoap.
<suppressed ~164 debug messages>

5.22.2. Executing OPT_MERGE pass (detect identical cells).
Finding identical cells in module `\uart_tx_partial_scoap'.
Computing hashes of 152 cells of `\uart_tx_partial_scoap'.
Finding duplicate cells in `\uart_tx_partial_scoap'.
Computing hashes of 136 cells of `\uart_tx_partial_scoap'.
Finding duplicate cells in `\uart_tx_partial_scoap'.
Computing hashes of 134 cells of `\uart_tx_partial_scoap'.
Finding duplicate cells in `\uart_tx_partial_scoap'.
<suppressed ~54 debug messages>
Removed a total of 18 cells.

5.22.3. Executing OPT_DFF pass (perform DFF optimizations).

5.22.4. Executing OPT_CLEAN pass (remove unused cells and wires).
Finding unused cells or wires in module \uart_tx_partial_scoap..
Removed 18 unused cells and 203 unused wires.
<suppressed ~19 debug messages>

5.22.5. Finished fast OPT passes.

5.23. Executing HIERARCHY pass (managing design hierarchy).
Attribute `top' found on module `uart_tx_partial_scoap'. Setting top module to uart_tx_partial_scoap.

5.23.1. Analyzing design hierarchy..
Top module:  \uart_tx_partial_scoap

5.23.2. Analyzing design hierarchy..
Top module:  \uart_tx_partial_scoap
Removed 0 unused modules.

5.24. Printing statistics.

=== uart_tx_partial_scoap ===

        +----------Local Count, excluding submodules.
        | 
      135 wires
      255 wire bits
       75 public wires
      148 public wire bits
        9 ports
       16 port bits
      116 cells
       18   $_AND_
       27   $_MUX_
       16   $_NOT_
       26   $_OR_
       13   $_SDFFE_PP0P_
        1   $_SDFFE_PP1P_
        4   $_SDFF_PP0_
        5   $_XOR_
        6   $scopeinfo

5.25. Executing CHECK pass (checking for obvious problems).
Checking module uart_tx_partial_scoap...
Found and reported 0 problems.

6. Executing DFFUNMAP pass (unmap clock enable and synchronous reset from FFs).

7. Executing ABC pass (technology mapping using ABC).

7.1. Summary of detected clock domains:
  6 cells in clk={ }, en={ }, arst={ }, srst={ }
  142 cells in clk=\clk, en={ }, arst={ }, srst={ }

7.2. Extracting gate netlist of module `\uart_tx_partial_scoap' to `<abc-temp-dir>/input.blif'..
No matching clock domain found. Not extracting any FF cells.

7.3. Extracting gate netlist of module `\uart_tx_partial_scoap' to `<abc-temp-dir>/input.blif'..
Found matching posedge clock domain: \clk
Replacing 1 occurrences of constant undef bits with constant zero bits

7.3.1. Executed ABC.
Extracted 0 gates and 0 wires to a netlist network with 0 inputs and 0 outputs.
Don't call ABC as there is nothing to map.
Removing temp directory.

7.3.1. Executed ABC.
Extracted 124 gates and 157 wires to a netlist network with 30 inputs and 19 outputs.
Running ABC script: <abc-temp-dir>/abc.script
ABC: ======== ABC command line "source <abc-temp-dir>/abc.script"
ABC: + read_blif <abc-temp-dir>/input.blif 
ABC: + read_library <abc-temp-dir>/stdcells.genlib 
ABC: + strash 
ABC: + &get -n 
ABC: + &fraig -x 
ABC: + &put 
ABC: + scorr 
ABC: Warning: The network is combinational (run "fraig" or "fraig_sweep").
ABC: + dc2 
ABC: + dretime 
ABC: + strash 
ABC: + &get -n 
ABC: + &dch -f 
ABC: + &nf 
ABC: + &put 
ABC: + write_blif <abc-temp-dir>/output.blif 

7.3.2. Re-integrating ABC results.
ABC RESULTS:               AND cells:       75
ABC RESULTS:               NOT cells:       16
ABC RESULTS:                OR cells:       49
ABC RESULTS:              XNOR cells:        2
ABC RESULTS:               XOR cells:        1
ABC RESULTS:        internal signals:      108
ABC RESULTS:           input signals:       30
ABC RESULTS:          output signals:       19
Removing temp directory.
Removing global temp directory.
Removed 0 unused cells and 137 unused wires.

8. Executing CHECK pass (checking for obvious problems).
Checking module uart_tx_partial_scoap...
Found and reported 0 problems.

9. Printing statistics.

=== uart_tx_partial_scoap ===

        +----------Local Count, excluding submodules.
        | 
      203 wires
      271 wire bits
       61 public wires
      129 public wire bits
        9 ports
       16 port bits
      167 cells
       75   $_AND_
       18   $_DFF_P_
       16   $_NOT_
       49   $_OR_
        2   $_XNOR_
        1   $_XOR_
        6   $scopeinfo

10. Executing Verilog backend.

10.1. Executing BMUXMAP pass.

10.2. Executing DEMUXMAP pass.
Dumping module `\uart_tx_partial_scoap'.

11. Executing JSON backend.

End of script. Logfile hash: 38f4159d4e
Yosys 0.69+152 (git sha1 6f876ae0e-dirty, Release, GNU /usr/bin/x86_64-w64-mingw32-g++ 15.2.1)
Time spent: 2% 23x opt_expr (0 sec), 2% 18x opt_clean (0 sec), ...
